Archive member included because of file (symbol)

c:/program files (x86)/atmel/atmel toolchain/avr8 gcc/native/3.4.2.1002/avr8-gnu-toolchain/bin/../lib/gcc/avr/4.7.2/avr35\libgcc.a(_mulhi3.o)
                              src/LUFA/LUFA/Drivers/USB/Class/Common/HIDParser.o (__mulhi3)
c:/program files (x86)/atmel/atmel toolchain/avr8 gcc/native/3.4.2.1002/avr8-gnu-toolchain/bin/../lib/gcc/avr/4.7.2/avr35\libgcc.a(_udivmodsi4.o)
                              src/AT_parser.o (__udivmodsi4)
c:/program files (x86)/atmel/atmel toolchain/avr8 gcc/native/3.4.2.1002/avr8-gnu-toolchain/bin/../lib/gcc/avr/4.7.2/avr35\libgcc.a(_divmodsi4.o)
                              GenericHID.o (__divmodsi4)
c:/program files (x86)/atmel/atmel toolchain/avr8 gcc/native/3.4.2.1002/avr8-gnu-toolchain/bin/../lib/gcc/avr/4.7.2/avr35\libgcc.a(_exit.o)
                              c:/program files (x86)/atmel/atmel toolchain/avr8 gcc/native/3.4.2.1002/avr8-gnu-toolchain/bin/../lib/gcc/avr/4.7.2/../../../../avr/lib/avr35/crtm16u2.o (exit)
c:/program files (x86)/atmel/atmel toolchain/avr8 gcc/native/3.4.2.1002/avr8-gnu-toolchain/bin/../lib/gcc/avr/4.7.2/avr35\libgcc.a(_tablejump.o)
                              src/LUFA/LUFA/Drivers/USB/Class/Common/HIDParser.o (__tablejump2__)
c:/program files (x86)/atmel/atmel toolchain/avr8 gcc/native/3.4.2.1002/avr8-gnu-toolchain/bin/../lib/gcc/avr/4.7.2/avr35\libgcc.a(_copy_data.o)
                              GenericHID.o (__do_copy_data)
c:/program files (x86)/atmel/atmel toolchain/avr8 gcc/native/3.4.2.1002/avr8-gnu-toolchain/bin/../lib/gcc/avr/4.7.2/avr35\libgcc.a(_clear_bss.o)
                              src/AT_parser.o (__do_clear_bss)
c:/program files (x86)/atmel/atmel toolchain/avr8 gcc/native/3.4.2.1002/avr8-gnu-toolchain/bin/../lib/gcc/avr/4.7.2/../../../../avr/lib/avr35\libc.a(memcpy_P.o)
                              src/LUFA/LUFA/Drivers/USB/Class/Device/RNDISClassDevice.o (memcpy_P)
c:/program files (x86)/atmel/atmel toolchain/avr8 gcc/native/3.4.2.1002/avr8-gnu-toolchain/bin/../lib/gcc/avr/4.7.2/../../../../avr/lib/avr35\libc.a(memcmp.o)
                              src/LUFA/LUFA/Drivers/USB/Class/Device/HIDClassDevice.o (memcmp)
c:/program files (x86)/atmel/atmel toolchain/avr8 gcc/native/3.4.2.1002/avr8-gnu-toolchain/bin/../lib/gcc/avr/4.7.2/../../../../avr/lib/avr35\libc.a(memcpy.o)
                              src/LUFA/LUFA/Drivers/USB/Class/Device/HIDClassDevice.o (memcpy)
c:/program files (x86)/atmel/atmel toolchain/avr8 gcc/native/3.4.2.1002/avr8-gnu-toolchain/bin/../lib/gcc/avr/4.7.2/../../../../avr/lib/avr35\libc.a(memset.o)
                              src/LUFA/LUFA/Drivers/USB/Class/Device/HIDClassDevice.o (memset)
c:/program files (x86)/atmel/atmel toolchain/avr8 gcc/native/3.4.2.1002/avr8-gnu-toolchain/bin/../lib/gcc/avr/4.7.2/../../../../avr/lib/avr35\libc.a(iob.o)
                              src/LUFA/LUFA/Drivers/Peripheral/AVR8/Serial_AVR8.o (__iob)
c:/program files (x86)/atmel/atmel toolchain/avr8 gcc/native/3.4.2.1002/avr8-gnu-toolchain/bin/../lib/gcc/avr/4.7.2/../../../../avr/lib/avr35\libc.a(eerd_byte_atmega16u2.o)
                              GenericHID.o (__eerd_byte_m16u2)
c:/program files (x86)/atmel/atmel toolchain/avr8 gcc/native/3.4.2.1002/avr8-gnu-toolchain/bin/../lib/gcc/avr/4.7.2/../../../../avr/lib/avr35\libc.a(eerd_word_atmega16u2.o)
                              GenericHID.o (__eerd_word_m16u2)
c:/program files (x86)/atmel/atmel toolchain/avr8 gcc/native/3.4.2.1002/avr8-gnu-toolchain/bin/../lib/gcc/avr/4.7.2/../../../../avr/lib/avr35\libc.a(eeupd_byte_atmega16u2.o)
                              src/LUFA/LUFA/Drivers/USB/Core/AVR8/EndpointStream_AVR8.o (__eeupd_byte_m16u2)
c:/program files (x86)/atmel/atmel toolchain/avr8 gcc/native/3.4.2.1002/avr8-gnu-toolchain/bin/../lib/gcc/avr/4.7.2/../../../../avr/lib/avr35\libc.a(eewr_byte_atmega16u2.o)
                              GenericHID.o (__eewr_byte_m16u2)
c:/program files (x86)/atmel/atmel toolchain/avr8 gcc/native/3.4.2.1002/avr8-gnu-toolchain/bin/../lib/gcc/avr/4.7.2/../../../../avr/lib/avr35\libc.a(eewr_word_atmega16u2.o)
                              GenericHID.o (__eewr_word_m16u2)
c:/program files (x86)/atmel/atmel toolchain/avr8 gcc/native/3.4.2.1002/avr8-gnu-toolchain/bin/../lib/gcc/avr/4.7.2/../../../../avr/lib/avr35\libc.a(eerd_block_atmega16u2.o)
                              c:/program files (x86)/atmel/atmel toolchain/avr8 gcc/native/3.4.2.1002/avr8-gnu-toolchain/bin/../lib/gcc/avr/4.7.2/../../../../avr/lib/avr35\libc.a(eerd_word_atmega16u2.o) (__eerd_blraw_m16u2)

Allocating common symbols
Common symbol       size              file

reluctor_trigger    0x1               GenericHID.o
temp_rset           0x1               GenericHID.o
USB_IsInitialized   0x1               src/LUFA/LUFA/Drivers/USB/Core/USBTask.o
t0OVF_trigger       0x1               GenericHID.o
timer1L             0x1               GenericHID.o
timer1_OVF_RPM_copy
                    0x1               GenericHID.o
[...]
Memory Configuration

Name             Origin             Length             Attributes
text             0x00000000         0x00010000         xr
data             0x00800060         0x0000ffa0         rw !x
eeprom           0x00810000         0x00010000         rw !x
fuse             0x00820000         0x00000400         rw !x
lock             0x00830000         0x00000400         rw !x
signature        0x00840000         0x00000400         rw !x
user_signatures  0x00850000         0x00000400         rw !x
*default*        0x00000000         0xffffffff

Linker script and memory map

Address of section .data set to 0x800100
LOAD c:/program files (x86)/atmel/atmel toolchain/avr8 gcc/native/3.4.2.1002/avr8-gnu-toolchain/bin/../lib/gcc/avr/4.7.2/../../../../avr/lib/avr35/crtm16u2.o
LOAD Descriptors.o
LOAD src/AT_parser.o
LOAD src/EXT.o
LOAD src/LUFA/LUFA/Drivers/Peripheral/AVR8/Serial_AVR8.o
LOAD src/LUFA/LUFA/Drivers/Peripheral/AVR8/TWI_AVR8.o
LOAD src/reset.o
LOAD src/TIMERS.o
LOAD GenericHID.o
LOAD src/LUFA/LUFA/Drivers/USB/Class/Common/HIDParser.o
LOAD src/LUFA/LUFA/Drivers/USB/Class/Device/AudioClassDevice.o
LOAD src/LUFA/LUFA/Drivers/USB/Class/Device/CDCClassDevice.o
LOAD src/LUFA/LUFA/Drivers/USB/Class/Device/HIDClassDevice.o
LOAD src/LUFA/LUFA/Drivers/USB/Class/Device/MassStorageClassDevice.o
LOAD src/LUFA/LUFA/Drivers/USB/Class/Device/MIDIClassDevice.o
LOAD src/LUFA/LUFA/Drivers/USB/Class/Device/PrinterClassDevice.o
LOAD src/LUFA/LUFA/Drivers/USB/Class/Device/RNDISClassDevice.o
LOAD src/LUFA/LUFA/Drivers/USB/Class/Host/AndroidAccessoryClassHost.o
LOAD src/LUFA/LUFA/Drivers/USB/Class/Host/AudioClassHost.o
LOAD src/LUFA/LUFA/Drivers/USB/Class/Host/CDCClassHost.o
LOAD src/LUFA/LUFA/Drivers/USB/Class/Host/HIDClassHost.o
LOAD src/LUFA/LUFA/Drivers/USB/Class/Host/MassStorageClassHost.o
LOAD src/LUFA/LUFA/Drivers/USB/Class/Host/MIDIClassHost.o
LOAD src/LUFA/LUFA/Drivers/USB/Class/Host/PrinterClassHost.o
LOAD src/LUFA/LUFA/Drivers/USB/Class/Host/RNDISClassHost.o
LOAD src/LUFA/LUFA/Drivers/USB/Class/Host/StillImageClassHost.o
LOAD src/LUFA/LUFA/Drivers/USB/Core/AVR8/Device_AVR8.o
LOAD src/LUFA/LUFA/Drivers/USB/Core/AVR8/EndpointStream_AVR8.o
LOAD src/LUFA/LUFA/Drivers/USB/Core/AVR8/Endpoint_AVR8.o
LOAD src/LUFA/LUFA/Drivers/USB/Core/AVR8/Host_AVR8.o
LOAD src/LUFA/LUFA/Drivers/USB/Core/AVR8/PipeStream_AVR8.o
LOAD src/LUFA/LUFA/Drivers/USB/Core/AVR8/Pipe_AVR8.o
LOAD src/LUFA/LUFA/Drivers/USB/Core/AVR8/Template/Template_Endpoint_Control_R.o
LOAD src/LUFA/LUFA/Drivers/USB/Core/AVR8/Template/Template_Endpoint_Control_W.o
LOAD src/LUFA/LUFA/Drivers/USB/Core/AVR8/Template/Template_Endpoint_RW.o
LOAD src/LUFA/LUFA/Drivers/USB/Core/AVR8/Template/Template_Pipe_RW.o
LOAD src/LUFA/LUFA/Drivers/USB/Core/AVR8/USBController_AVR8.o
LOAD src/LUFA/LUFA/Drivers/USB/Core/AVR8/USBInterrupt_AVR8.o
LOAD src/LUFA/LUFA/Drivers/USB/Core/ConfigDescriptors.o
LOAD src/LUFA/LUFA/Drivers/USB/Core/DeviceStandardReq.o
LOAD src/LUFA/LUFA/Drivers/USB/Core/Events.o
LOAD src/LUFA/LUFA/Drivers/USB/Core/HostStandardReq.o
LOAD src/LUFA/LUFA/Drivers/USB/Core/USBTask.o
START GROUP
LOAD c:/program files (x86)/atmel/atmel toolchain/avr8 gcc/native/3.4.2.1002/avr8-gnu-toolchain/bin/../lib/gcc/avr/4.7.2/../../../../avr/lib/avr35\libm.a
END GROUP
LOAD c:/program files (x86)/atmel/atmel toolchain/avr8 gcc/native/3.4.2.1002/avr8-gnu-toolchain/bin/../lib/gcc/avr/4.7.2/avr35\libgcc.a
LOAD c:/program files (x86)/atmel/atmel toolchain/avr8 gcc/native/3.4.2.1002/avr8-gnu-toolchain/bin/../lib/gcc/avr/4.7.2/../../../../avr/lib/avr35\libc.a
LOAD c:/program files (x86)/atmel/atmel toolchain/avr8 gcc/native/3.4.2.1002/avr8-gnu-toolchain/bin/../lib/gcc/avr/4.7.2/avr35\libgcc.a

.hash
 *(.hash)

.dynsym
 *(.dynsym)

.dynstr
 *(.dynstr)

.gnu.version
 *(.gnu.version)

.gnu.version_d
 *(.gnu.version_d)

.gnu.version_r
 *(.gnu.version_r)

.rel.init
 *(.rel.init)

.rela.init
 *(.rela.init)

.rel.text
 *(.rel.text)
 *(.rel.text.*)
 *(.rel.gnu.linkonce.t*)

.rela.text
 *(.rela.text)
 *(.rela.text.*)
 *(.rela.gnu.linkonce.t*)

.rel.fini
 *(.rel.fini)

.rela.fini
 *(.rela.fini)

.rel.rodata
 *(.rel.rodata)
 *(.rel.rodata.*)
 *(.rel.gnu.linkonce.r*)

.rela.rodata
 *(.rela.rodata)
 *(.rela.rodata.*)
 *(.rela.gnu.linkonce.r*)

.rel.data
 *(.rel.data)
 *(.rel.data.*)
 *(.rel.gnu.linkonce.d*)

.rela.data
 *(.rela.data)
 *(.rela.data.*)
 *(.rela.gnu.linkonce.d*)

.rel.ctors
 *(.rel.ctors)

.rela.ctors
 *(.rela.ctors)

.rel.dtors
 *(.rel.dtors)

.rela.dtors
 *(.rela.dtors)

.rel.got
 *(.rel.got)

.rela.got
 *(.rela.got)

.rel.bss
 *(.rel.bss)

.rela.bss
 *(.rela.bss)

.rel.plt
 *(.rel.plt)

.rela.plt
 *(.rela.plt)

.text           0x00000000     0x29e0
 *(.vectors)
 .vectors       0x00000000       0x74 c:/program files (x86)/atmel/atmel toolchain/avr8 gcc/native/3.4.2.1002/avr8-gnu-toolchain/bin/../lib/gcc/avr/4.7.2/../../../../avr/lib/avr35/crtm16u2.o
                0x00000000                __vectors
 *(.vectors)
 *(.progmem.gcc*)
 *(.progmem*)
 .progmem.data.ProductString
                0x00000074       0x10 Descriptors.o
                0x00000074                ProductString
 .progmem.data.ManufacturerString
                0x00000084       0x16 Descriptors.o
                0x00000084                ManufacturerString
 .progmem.data.LanguageString
                0x0000009a        0x4 Descriptors.o
                0x0000009a                LanguageString
 .progmem.data.ConfigurationDescriptor
                0x0000009e       0x22 Descriptors.o
                0x0000009e                ConfigurationDescriptor
 .progmem.data.DeviceDescriptor
                0x000000c0       0x12 Descriptors.o
                0x000000c0                DeviceDescriptor
 .progmem.data.GenericReport
                0x000000d2       0x20 Descriptors.o
                0x000000d2                GenericReport
 .progmem.data.hex_map
                0x000000f2       0x10 src/AT_parser.o
                0x000000f2                hex_map
                0x00000102                . = ALIGN (0x2)
                0x00000102                __trampolines_start = .
 *(.trampolines)
 .trampolines   0x00000102        0x0 linker stubs
 *(.trampolines*)
                0x00000102                __trampolines_end = .
 *(.jumptables)
 *(.jumptables*)
 *(.lowtext)
 *(.lowtext*)
                0x00000102                __ctors_start = .
 *(.ctors)
                0x00000102                __ctors_end = .
                0x00000102                __dtors_start = .
 *(.dtors)
                0x00000102                __dtors_end = .
 SORT(*)(.ctors)
 SORT(*)(.dtors)
 *(.init0)
 .init0         0x00000102        0x0 c:/program files (x86)/atmel/atmel toolchain/avr8 gcc/native/3.4.2.1002/avr8-gnu-toolchain/bin/../lib/gcc/avr/4.7.2/../../../../avr/lib/avr35/crtm16u2.o
                0x00000102                __init
 *(.init0)
 *(.init1)
 *(.init1)
 *(.init2)
 .init2         0x00000102        0xc c:/program files (x86)/atmel/atmel toolchain/avr8 gcc/native/3.4.2.1002/avr8-gnu-toolchain/bin/../lib/gcc/avr/4.7.2/../../../../avr/lib/avr35/crtm16u2.o
 *(.init2)
 *(.init3)
 .init3         0x0000010e       0x36 src/reset.o
                0x0000010e                Bootloader_Jump_Check
 *(.init3)
 *(.init4)
 .init4         0x00000144       0x16 c:/program files (x86)/atmel/atmel toolchain/avr8 gcc/native/3.4.2.1002/avr8-gnu-toolchain/bin/../lib/gcc/avr/4.7.2/avr35\libgcc.a(_copy_data.o)
                0x00000144                __do_copy_data
 .init4         0x0000015a       0x10 c:/program files (x86)/atmel/atmel toolchain/avr8 gcc/native/3.4.2.1002/avr8-gnu-toolchain/bin/../lib/gcc/avr/4.7.2/avr35\libgcc.a(_clear_bss.o)
                0x0000015a                __do_clear_bss
 *(.init4)
 *(.init5)
 *(.init5)
 *(.init6)
 *(.init6)
 *(.init7)
 *(.init7)
 *(.init8)
 *(.init8)
 *(.init9)
 .init9         0x0000016a        0x6 c:/program files (x86)/atmel/atmel toolchain/avr8 gcc/native/3.4.2.1002/avr8-gnu-toolchain/bin/../lib/gcc/avr/4.7.2/../../../../avr/lib/avr35/crtm16u2.o
 *(.init9)
 *(.text)
 .text          0x00000170        0x4 c:/program files (x86)/atmel/atmel toolchain/avr8 gcc/native/3.4.2.1002/avr8-gnu-toolchain/bin/../lib/gcc/avr/4.7.2/../../../../avr/lib/avr35/crtm16u2.o
                0x00000170                __vector_22
                0x00000170                __vector_28
                0x00000170                __vector_1
                0x00000170                __vector_24
                0x00000170                __vector_12
                0x00000170                __bad_interrupt
                0x00000170                __vector_6
                0x00000170                __vector_3
                0x00000170                __vector_13
                0x00000170                __vector_17
                0x00000170                __vector_19
                0x00000170                __vector_7
                0x00000170                __vector_27
                0x00000170                __vector_5
                0x00000170                __vector_4
                0x00000170                __vector_9
                0x00000170                __vector_8
                0x00000170                __vector_26
                0x00000170                __vector_14
                0x00000170                __vector_10
                0x00000170                __vector_20
                0x00000174                . = ALIGN (0x2)
 *(.text.*)
 .text.CALLBACK_USB_GetDescriptor
                0x00000174       0xa4 Descriptors.o
                0x00000174                CALLBACK_USB_GetDescriptor
 .text.RingBuffer_Insert
                0x00000218       0x36 src/AT_parser.o
 .text.RingBuffer_Remove
                0x0000024e       0x32 src/AT_parser.o
 .text.send_ELM327_CR
                0x00000280       0x3a src/AT_parser.o
                0x00000280                send_ELM327_CR
 .text.send_ELM327_OK
                0x000002ba       0x72 src/AT_parser.o
                0x000002ba                send_ELM327_OK
 .text.send_ELM327_prompt
                0x0000032c       0x3a src/AT_parser.o
                0x0000032c                send_ELM327_prompt
 .text.parse_SER_buffer
                0x00000366      0xc12 src/AT_parser.o
                0x00000366                parse_SER_buffer
 .text.EXT_INT_init
                0x00000f78        0xc src/EXT.o
                0x00000f78                EXT_INT_init
 .text.Jump_To_Bootloader
                0x00000f84       0x48 src/reset.o
                0x00000f84                Jump_To_Bootloader
 .text.TIMER0_init
                0x00000fcc       0x12 src/TIMERS.o
                0x00000fcc                TIMER0_init
 .text.TIMER1_init
                0x00000fde       0x24 src/TIMERS.o
                0x00000fde                TIMER1_init
 .text.SetupHardware
                0x00001002       0x78 GenericHID.o
                0x00001002                SetupHardware
 .text.main     0x0000107a      0x358 GenericHID.o
                0x0000107a                main
 .text.EVENT_USB_Device_Connect
                0x000013d2        0x2 GenericHID.o
                0x000013d2                EVENT_USB_Device_Connect
 .text.EVENT_USB_Device_Disconnect
                0x000013d4        0x2 GenericHID.o
                0x000013d4                EVENT_USB_Device_Disconnect
 .text.EVENT_USB_Device_ConfigurationChanged
                0x000013d6       0x12 GenericHID.o
                0x000013d6                EVENT_USB_Device_ConfigurationChanged
 .text.EVENT_USB_Device_ControlRequest
                0x000013e8        0x6 GenericHID.o
                0x000013e8                EVENT_USB_Device_ControlRequest
 .text.EVENT_USB_Device_StartOfFrame
                0x000013ee       0x18 GenericHID.o
                0x000013ee                EVENT_USB_Device_StartOfFrame
 .text.CALLBACK_HID_Device_CreateHIDReport
                0x00001406      0x1ac GenericHID.o
                0x00001406                CALLBACK_HID_Device_CreateHIDReport
 .text.CALLBACK_HID_Device_ProcessHIDReport
                0x000015b2      0x136 GenericHID.o
                0x000015b2                CALLBACK_HID_Device_ProcessHIDReport
 .text.__vector_21
                0x000016e8       0x34 GenericHID.o
                0x000016e8                __vector_21
 .text.__vector_15
                0x0000171c       0x60 GenericHID.o
                0x0000171c                __vector_15
 .text.__vector_16
                0x0000177c       0x4a GenericHID.o
                0x0000177c                __vector_16
 .text.__vector_18
                0x000017c6       0x4a GenericHID.o
                0x000017c6                __vector_18
 .text.__vector_2
                0x00001810       0x44 GenericHID.o
                0x00001810                __vector_2
 .text.__vector_23
                0x00001854       0x7c GenericHID.o
                0x00001854                __vector_23
 .text.__vector_25
                0x000018d0       0x7a GenericHID.o
                0x000018d0                __vector_25
 .text.__vector_default
                0x0000194a       0x22 GenericHID.o
                0x0000194a                __vector_default
 .text.HID_Device_ProcessControlRequest
                0x0000196c      0x2aa src/LUFA/LUFA/Drivers/USB/Class/Device/HIDClassDevice.o
                0x0000196c                HID_Device_ProcessControlRequest
 .text.HID_Device_ConfigureEndpoints
                0x00001c16       0x2c src/LUFA/LUFA/Drivers/USB/Class/Device/HIDClassDevice.o
                0x00001c16                HID_Device_ConfigureEndpoints
 .text.HID_Device_USBTask
                0x00001c42      0x19e src/LUFA/LUFA/Drivers/USB/Class/Device/HIDClassDevice.o
                0x00001c42                HID_Device_USBTask
 .text.Endpoint_Write_Stream_LE
                0x00001de0       0xc4 src/LUFA/LUFA/Drivers/USB/Core/AVR8/EndpointStream_AVR8.o
                0x00001de0                Endpoint_Write_Stream_LE
 .text.Endpoint_Write_Control_Stream_LE
                0x00001ea4       0xe8 src/LUFA/LUFA/Drivers/USB/Core/AVR8/EndpointStream_AVR8.o
                0x00001ea4                Endpoint_Write_Control_Stream_LE
 .text.Endpoint_Read_Control_Stream_LE
                0x00001f8c       0xd2 src/LUFA/LUFA/Drivers/USB/Core/AVR8/EndpointStream_AVR8.o
                0x00001f8c                Endpoint_Read_Control_Stream_LE
 .text.Endpoint_Write_Control_PStream_LE
                0x0000205e       0xee src/LUFA/LUFA/Drivers/USB/Core/AVR8/EndpointStream_AVR8.o
                0x0000205e                Endpoint_Write_Control_PStream_LE
 .text.Endpoint_ConfigureEndpoint_Prv
                0x0000214c       0xc8 src/LUFA/LUFA/Drivers/USB/Core/AVR8/Endpoint_AVR8.o
                0x0000214c                Endpoint_ConfigureEndpoint_Prv
 .text.Endpoint_ConfigureEndpointTable
                0x00002214       0xce src/LUFA/LUFA/Drivers/USB/Core/AVR8/Endpoint_AVR8.o
                0x00002214                Endpoint_ConfigureEndpointTable
 .text.Endpoint_ClearStatusStage
                0x000022e2       0x4a src/LUFA/LUFA/Drivers/USB/Core/AVR8/Endpoint_AVR8.o
                0x000022e2                Endpoint_ClearStatusStage
 .text.Endpoint_WaitUntilReady
                0x0000232c       0x82 src/LUFA/LUFA/Drivers/USB/Core/AVR8/Endpoint_AVR8.o
                0x0000232c                Endpoint_WaitUntilReady
 .text.USB_Disable
                0x000023ae       0x2a src/LUFA/LUFA/Drivers/USB/Core/AVR8/USBController_AVR8.o
                0x000023ae                USB_Disable
 .text.USB_ResetInterface
                0x000023d8       0x66 src/LUFA/LUFA/Drivers/USB/Core/AVR8/USBController_AVR8.o
                0x000023d8                USB_ResetInterface
 .text.USB_Init
                0x0000243e       0x12 src/LUFA/LUFA/Drivers/USB/Core/AVR8/USBController_AVR8.o
                0x0000243e                USB_Init
 .text.USB_INT_DisableAllInterrupts
                0x00002450        0x6 src/LUFA/LUFA/Drivers/USB/Core/AVR8/USBInterrupt_AVR8.o
                0x00002450                USB_INT_DisableAllInterrupts
 .text.USB_INT_ClearAllInterrupts
                0x00002456        0x6 src/LUFA/LUFA/Drivers/USB/Core/AVR8/USBInterrupt_AVR8.o
                0x00002456                USB_INT_ClearAllInterrupts
 .text.__vector_11
                0x0000245c      0x142 src/LUFA/LUFA/Drivers/USB/Core/AVR8/USBInterrupt_AVR8.o
                0x0000245c                __vector_11
 .text.USB_Device_ProcessControlRequest
                0x0000259e      0x2f6 src/LUFA/LUFA/Drivers/USB/Core/DeviceStandardReq.o
                0x0000259e                USB_Device_ProcessControlRequest
 .text.USB_Event_Stub
                0x00002894        0x2 src/LUFA/LUFA/Drivers/USB/Core/Events.o
                0x00002894                USB_Event_Stub
                0x00002894                EVENT_USB_Device_Suspend
                0x00002894                EVENT_USB_Device_Reset
                0x00002894                EVENT_USB_Device_WakeUp
 .text.USB_USBTask
                0x00002896       0x36 src/LUFA/LUFA/Drivers/USB/Core/USBTask.o
                0x00002896                USB_USBTask
 .text.libgcc.div
                0x000028cc       0x44 c:/program files (x86)/atmel/atmel toolchain/avr8 gcc/native/3.4.2.1002/avr8-gnu-toolchain/bin/../lib/gcc/avr/4.7.2/avr35\libgcc.a(_udivmodsi4.o)
                0x000028cc                __udivmodsi4
 .text.libgcc.div
                0x00002910       0x36 c:/program files (x86)/atmel/atmel toolchain/avr8 gcc/native/3.4.2.1002/avr8-gnu-toolchain/bin/../lib/gcc/avr/4.7.2/avr35\libgcc.a(_divmodsi4.o)
                0x00002910                __divmodsi4
 .text.avr-libc
                0x00002946       0x1a c:/program files (x86)/atmel/atmel toolchain/avr8 gcc/native/3.4.2.1002/avr8-gnu-toolchain/bin/../lib/gcc/avr/4.7.2/../../../../avr/lib/avr35\libc.a(memcmp.o)
                0x00002946                memcmp
 .text.avr-libc
                0x00002960       0x12 c:/program files (x86)/atmel/atmel toolchain/avr8 gcc/native/3.4.2.1002/avr8-gnu-toolchain/bin/../lib/gcc/avr/4.7.2/../../../../avr/lib/avr35\libc.a(memcpy.o)
                0x00002960                memcpy
 .text.avr-libc
                0x00002972        0xe c:/program files (x86)/atmel/atmel toolchain/avr8 gcc/native/3.4.2.1002/avr8-gnu-toolchain/bin/../lib/gcc/avr/4.7.2/../../../../avr/lib/avr35\libc.a(memset.o)
                0x00002972                memset
 .text.avr-libc
                0x00002980       0x10 c:/program files (x86)/atmel/atmel toolchain/avr8 gcc/native/3.4.2.1002/avr8-gnu-toolchain/bin/../lib/gcc/avr/4.7.2/../../../../avr/lib/avr35\libc.a(eerd_byte_atmega16u2.o)
                0x00002980                __eerd_byte_m16u2
 .text.avr-libc
                0x00002990        0xa c:/program files (x86)/atmel/atmel toolchain/avr8 gcc/native/3.4.2.1002/avr8-gnu-toolchain/bin/../lib/gcc/avr/4.7.2/../../../../avr/lib/avr35\libc.a(eerd_word_atmega16u2.o)
                0x00002990                __eerd_word_m16u2
 .text.avr-libc
                0x0000299a       0x1c c:/program files (x86)/atmel/atmel toolchain/avr8 gcc/native/3.4.2.1002/avr8-gnu-toolchain/bin/../lib/gcc/avr/4.7.2/../../../../avr/lib/avr35\libc.a(eewr_byte_atmega16u2.o)
                0x0000299a                __eewr_byte_m16u2
                0x0000299c                __eewr_r18_m16u2
 .text.avr-libc
                0x000029b6        0x6 c:/program files (x86)/atmel/atmel toolchain/avr8 gcc/native/3.4.2.1002/avr8-gnu-toolchain/bin/../lib/gcc/avr/4.7.2/../../../../avr/lib/avr35\libc.a(eewr_word_atmega16u2.o)
                0x000029b6                __eewr_word_m16u2
 .text.avr-libc
                0x000029bc       0x20 c:/program files (x86)/atmel/atmel toolchain/avr8 gcc/native/3.4.2.1002/avr8-gnu-toolchain/bin/../lib/gcc/avr/4.7.2/../../../../avr/lib/avr35\libc.a(eerd_block_atmega16u2.o)
                0x000029bc                __eerd_block_m16u2
                0x000029c0                __eerd_blraw_m16u2
                0x000029dc                . = ALIGN (0x2)
 *(.fini9)
 .fini9         0x000029dc        0x0 c:/program files (x86)/atmel/atmel toolchain/avr8 gcc/native/3.4.2.1002/avr8-gnu-toolchain/bin/../lib/gcc/avr/4.7.2/avr35\libgcc.a(_exit.o)
                0x000029dc                _exit
                0x000029dc                exit
 *(.fini9)
 *(.fini8)
 *(.fini8)
 *(.fini7)
 *(.fini7)
 *(.fini6)
 *(.fini6)
 *(.fini5)
 *(.fini5)
 *(.fini4)
 *(.fini4)
 *(.fini3)
 *(.fini3)
 *(.fini2)
 *(.fini2)
 *(.fini1)
 *(.fini1)
 *(.fini0)
 .fini0         0x000029dc        0x4 c:/program files (x86)/atmel/atmel toolchain/avr8 gcc/native/3.4.2.1002/avr8-gnu-toolchain/bin/../lib/gcc/avr/4.7.2/avr35\libgcc.a(_exit.o)
 *(.fini0)
                0x000029e0                _etext = .

.data           0x00800100       0x10 load address 0x000029e0
                0x00800100                PROVIDE (__data_start, .)
 *(.data)
 .data          0x00800100        0x0 c:/program files (x86)/atmel/atmel toolchain/avr8 gcc/native/3.4.2.1002/avr8-gnu-toolchain/bin/../lib/gcc/avr/4.7.2/../../../../avr/lib/avr35/crtm16u2.o
 .data          0x00800100        0x0 Descriptors.o
 .data          0x00800100        0x0 src/AT_parser.o
 .data          0x00800100        0x0 src/EXT.o
 .data          0x00800100        0x0 src/LUFA/LUFA/Drivers/Peripheral/AVR8/Serial_AVR8.o
 .data          0x00800100        0x0 src/LUFA/LUFA/Drivers/Peripheral/AVR8/TWI_AVR8.o
 .data          0x00800100        0x0 src/reset.o
 .data          0x00800100        0x0 src/TIMERS.o
 .data          0x00800100        0x0 GenericHID.o
 .data          0x00800100        0x0 src/LUFA/LUFA/Drivers/USB/Class/Common/HIDParser.o
 .data          0x00800100        0x0 src/LUFA/LUFA/Drivers/USB/Class/Device/AudioClassDevice.o
 .data          0x00800100        0x0 src/LUFA/LUFA/Drivers/USB/Class/Device/CDCClassDevice.o
 .data          0x00800100        0x0 src/LUFA/LUFA/Drivers/USB/Class/Device/HIDClassDevice.o
 .data          0x00800100        0x0 src/LUFA/LUFA/Drivers/USB/Class/Device/MassStorageClassDevice.o
 .data          0x00800100        0x0 src/LUFA/LUFA/Drivers/USB/Class/Device/MIDIClassDevice.o
 .data          0x00800100        0x0 src/LUFA/LUFA/Drivers/USB/Class/Device/PrinterClassDevice.o
 .data          0x00800100        0x0 src/LUFA/LUFA/Drivers/USB/Class/Device/RNDISClassDevice.o
 .data          0x00800100        0x0 src/LUFA/LUFA/Drivers/USB/Class/Host/AndroidAccessoryClassHost.o
 .data          0x00800100        0x0 src/LUFA/LUFA/Drivers/USB/Class/Host/AudioClassHost.o
 .data          0x00800100        0x0 src/LUFA/LUFA/Drivers/USB/Class/Host/CDCClassHost.o
 .data          0x00800100        0x0 src/LUFA/LUFA/Drivers/USB/Class/Host/HIDClassHost.o
 .data          0x00800100        0x0 src/LUFA/LUFA/Drivers/USB/Class/Host/MassStorageClassHost.o
 .data          0x00800100        0x0 src/LUFA/LUFA/Drivers/USB/Class/Host/MIDIClassHost.o
 .data          0x00800100        0x0 src/LUFA/LUFA/Drivers/USB/Class/Host/PrinterClassHost.o
 .data          0x00800100        0x0 src/LUFA/LUFA/Drivers/USB/Class/Host/RNDISClassHost.o
 .data          0x00800100        0x0 src/LUFA/LUFA/Drivers/USB/Class/Host/StillImageClassHost.o
 .data          0x00800100        0x0 src/LUFA/LUFA/Drivers/USB/Core/AVR8/Device_AVR8.o
 .data          0x00800100        0x0 src/LUFA/LUFA/Drivers/USB/Core/AVR8/EndpointStream_AVR8.o
 .data          0x00800100        0x0 src/LUFA/LUFA/Drivers/USB/Core/AVR8/Endpoint_AVR8.o
 .data          0x00800100        0x0 src/LUFA/LUFA/Drivers/USB/Core/AVR8/Host_AVR8.o
 .data          0x00800100        0x0 src/LUFA/LUFA/Drivers/USB/Core/AVR8/PipeStream_AVR8.o
 .data          0x00800100        0x0 src/LUFA/LUFA/Drivers/USB/Core/AVR8/Pipe_AVR8.o
 .data          0x00800100        0x0 src/LUFA/LUFA/Drivers/USB/Core/AVR8/Template/Template_Endpoint_Control_R.o
 .data          0x00800100        0x0 src/LUFA/LUFA/Drivers/USB/Core/AVR8/Template/Template_Endpoint_Control_W.o
 .data          0x00800100        0x0 src/LUFA/LUFA/Drivers/USB/Core/AVR8/Template/Template_Endpoint_RW.o
 .data          0x00800100        0x0 src/LUFA/LUFA/Drivers/USB/Core/AVR8/Template/Template_Pipe_RW.o
 .data          0x00800100        0x0 src/LUFA/LUFA/Drivers/USB/Core/AVR8/USBController_AVR8.o
 .data          0x00800100        0x0 src/LUFA/LUFA/Drivers/USB/Core/AVR8/USBInterrupt_AVR8.o
 .data          0x00800100        0x0 src/LUFA/LUFA/Drivers/USB/Core/ConfigDescriptors.o
 .data          0x00800100        0x0 src/LUFA/LUFA/Drivers/USB/Core/DeviceStandardReq.o
 .data          0x00800100        0x0 src/LUFA/LUFA/Drivers/USB/Core/Events.o
 .data          0x00800100        0x0 src/LUFA/LUFA/Drivers/USB/Core/HostStandardReq.o
 .data          0x00800100        0x0 src/LUFA/LUFA/Drivers/USB/Core/USBTask.o
 .data          0x00800100        0x0 c:/program files (x86)/atmel/atmel toolchain/avr8 gcc/native/3.4.2.1002/avr8-gnu-toolchain/bin/../lib/gcc/avr/4.7.2/avr35\libgcc.a(_mulhi3.o)
 .data          0x00800100        0x0 c:/program files (x86)/atmel/atmel toolchain/avr8 gcc/native/3.4.2.1002/avr8-gnu-toolchain/bin/../lib/gcc/avr/4.7.2/avr35\libgcc.a(_udivmodsi4.o)
 .data          0x00800100        0x0 c:/program files (x86)/atmel/atmel toolchain/avr8 gcc/native/3.4.2.1002/avr8-gnu-toolchain/bin/../lib/gcc/avr/4.7.2/avr35\libgcc.a(_divmodsi4.o)
 .data          0x00800100        0x0 c:/program files (x86)/atmel/atmel toolchain/avr8 gcc/native/3.4.2.1002/avr8-gnu-toolchain/bin/../lib/gcc/avr/4.7.2/avr35\libgcc.a(_exit.o)
 .data          0x00800100        0x0 c:/program files (x86)/atmel/atmel toolchain/avr8 gcc/native/3.4.2.1002/avr8-gnu-toolchain/bin/../lib/gcc/avr/4.7.2/avr35\libgcc.a(_tablejump.o)
 .data          0x00800100        0x0 c:/program files (x86)/atmel/atmel toolchain/avr8 gcc/native/3.4.2.1002/avr8-gnu-toolchain/bin/../lib/gcc/avr/4.7.2/avr35\libgcc.a(_copy_data.o)
 .data          0x00800100        0x0 c:/program files (x86)/atmel/atmel toolchain/avr8 gcc/native/3.4.2.1002/avr8-gnu-toolchain/bin/../lib/gcc/avr/4.7.2/avr35\libgcc.a(_clear_bss.o)
 .data          0x00800100        0x0 c:/program files (x86)/atmel/atmel toolchain/avr8 gcc/native/3.4.2.1002/avr8-gnu-toolchain/bin/../lib/gcc/avr/4.7.2/../../../../avr/lib/avr35\libc.a(memcpy_P.o)
 .data          0x00800100        0x0 c:/program files (x86)/atmel/atmel toolchain/avr8 gcc/native/3.4.2.1002/avr8-gnu-toolchain/bin/../lib/gcc/avr/4.7.2/../../../../avr/lib/avr35\libc.a(memcmp.o)
 .data          0x00800100        0x0 c:/program files (x86)/atmel/atmel toolchain/avr8 gcc/native/3.4.2.1002/avr8-gnu-toolchain/bin/../lib/gcc/avr/4.7.2/../../../../avr/lib/avr35\libc.a(memcpy.o)
 .data          0x00800100        0x0 c:/program files (x86)/atmel/atmel toolchain/avr8 gcc/native/3.4.2.1002/avr8-gnu-toolchain/bin/../lib/gcc/avr/4.7.2/../../../../avr/lib/avr35\libc.a(memset.o)
 .data          0x00800100        0x0 c:/program files (x86)/atmel/atmel toolchain/avr8 gcc/native/3.4.2.1002/avr8-gnu-toolchain/bin/../lib/gcc/avr/4.7.2/../../../../avr/lib/avr35\libc.a(iob.o)
 .data          0x00800100        0x0 c:/program files (x86)/atmel/atmel toolchain/avr8 gcc/native/3.4.2.1002/avr8-gnu-toolchain/bin/../lib/gcc/avr/4.7.2/../../../../avr/lib/avr35\libc.a(eerd_byte_atmega16u2.o)
 .data          0x00800100        0x0 c:/program files (x86)/atmel/atmel toolchain/avr8 gcc/native/3.4.2.1002/avr8-gnu-toolchain/bin/../lib/gcc/avr/4.7.2/../../../../avr/lib/avr35\libc.a(eerd_word_atmega16u2.o)
 .data          0x00800100        0x0 c:/program files (x86)/atmel/atmel toolchain/avr8 gcc/native/3.4.2.1002/avr8-gnu-toolchain/bin/../lib/gcc/avr/4.7.2/../../../../avr/lib/avr35\libc.a(eeupd_byte_atmega16u2.o)
 .data          0x00800100        0x0 c:/program files (x86)/atmel/atmel toolchain/avr8 gcc/native/3.4.2.1002/avr8-gnu-toolchain/bin/../lib/gcc/avr/4.7.2/../../../../avr/lib/avr35\libc.a(eewr_byte_atmega16u2.o)
 .data          0x00800100        0x0 c:/program files (x86)/atmel/atmel toolchain/avr8 gcc/native/3.4.2.1002/avr8-gnu-toolchain/bin/../lib/gcc/avr/4.7.2/../../../../avr/lib/avr35\libc.a(eewr_word_atmega16u2.o)
 .data          0x00800100        0x0 c:/program files (x86)/atmel/atmel toolchain/avr8 gcc/native/3.4.2.1002/avr8-gnu-toolchain/bin/../lib/gcc/avr/4.7.2/../../../../avr/lib/avr35\libc.a(eerd_block_atmega16u2.o)
 *(.data*)
 .data.Generic_HID_Interface
                0x00800100       0x10 GenericHID.o
                0x00800100                Generic_HID_Interface
 *(.rodata)
 *(.rodata*)
 *(.gnu.linkonce.d*)
                0x00800110                . = ALIGN (0x2)
                0x00800110                _edata = .
                0x00800110                PROVIDE (__data_end, .)

.bss            0x00800110      0x169
                0x00800110                PROVIDE (__bss_start, .)
 *(.bss)
 *(.bss*)
 .bss.MAP.4117  0x00800110       0xca GenericHID.o
 .bss.msg_count.4179
                0x008001da        0x1 GenericHID.o
 .bss.count.4223
                0x008001db        0x1 GenericHID.o
 .bss.PrevHIDReportBuffer
                0x008001dc       0x20 GenericHID.o
 *(COMMON)
 COMMON         0x008001fc       0x59 src/AT_parser.o
                0x008001fc                BTtoFF_Buffer_Data
                0x0080021c                FFtoBT_Buffer
                0x00800228                FFtoBT_Buffer_Data
                0x00800248                BTtoFF_Buffer
                0x00800254                CR_flag
 COMMON         0x00800255       0x17 GenericHID.o
                0x00800255                reluctor_trigger
                0x00800256                temp_rset
                0x00800257                t0OVF_trigger
                0x00800258                timer1L
                0x00800259                timer1_OVF_RPM_copy
                0x0080025a                map_num
                0x0080025b                request_num
                0x0080025c                egt_h
                0x0080025d                tcA_high
                0x0080025e                egt_l
                0x0080025f                tcA_low
                0x00800260                cht_h
                0x00800261                timer1L_copy
                0x00800262                timer1H
                0x00800263                MAP_STATIC_TEMP
                0x00800264                seq_num
                0x00800265                cht_l
                0x00800266                bad_count
                0x00800267                tcB_high
                0x00800268                timer1H_copy
                0x00800269                first_cycle
                0x0080026a                timer1_OVF_RPM
                0x0080026b                tcB_low
 COMMON         0x0080026c        0x3 src/LUFA/LUFA/Drivers/USB/Core/DeviceStandardReq.o
                0x0080026c                USB_Device_ConfigurationNumber
                0x0080026d                USB_Device_CurrentlySelfPowered
                0x0080026e                USB_Device_RemoteWakeupEnabled
 COMMON         0x0080026f        0xa src/LUFA/LUFA/Drivers/USB/Core/USBTask.o
                0x0080026f                USB_IsInitialized
                0x00800270                USB_DeviceState
                0x00800271                USB_ControlRequest
                0x00800279                PROVIDE (__bss_end, .)
                0x000029e0                __data_load_start = LOADADDR (.data)
                0x000029f0                __data_load_end = (__data_load_start + SIZEOF (.data))

.noinit         0x00800279        0x4
                0x00800279                PROVIDE (__noinit_start, .)
 *(.noinit*)
 .noinit        0x00800279        0x4 src/reset.o
                0x00800279                Boot_Key
                0x0080027d                PROVIDE (__noinit_end, .)
                0x0080027d                _end = .
                0x0080027d                PROVIDE (__heap_start, .)

.eeprom         0x00810000      0x196
 *(.eeprom*)
 .eeprom        0x00810000      0x196 GenericHID.o
                0x00810000                MAP2
                0x008100ca                MAP2_STATIC
                0x008100cb                MAP1
                0x00810195                MAP1_STATIC
                0x00810196                __eeprom_end = .

.fuse
 *(.fuse)
 *(.lfuse)
 *(.hfuse)
 *(.efuse)

.lock
 *(.lock*)

.signature
 *(.signature*)

.user_signatures
 *(.user_signatures*)

.stab           0x00000000      0xd44
 *(.stab)
 .stab          0x00000000      0x6cc c:/program files (x86)/atmel/atmel toolchain/avr8 gcc/native/3.4.2.1002/avr8-gnu-toolchain/bin/../lib/gcc/avr/4.7.2/../../../../avr/lib/avr35/crtm16u2.o
 .stab          0x000006cc       0x84 c:/program files (x86)/atmel/atmel toolchain/avr8 gcc/native/3.4.2.1002/avr8-gnu-toolchain/bin/../lib/gcc/avr/4.7.2/../../../../avr/lib/avr35\libc.a(memcpy_P.o)
                                 0x90 (size before relaxing)
 .stab          0x00000750       0xb4 c:/program files (x86)/atmel/atmel toolchain/avr8 gcc/native/3.4.2.1002/avr8-gnu-toolchain/bin/../lib/gcc/avr/4.7.2/../../../../avr/lib/avr35\libc.a(memcmp.o)
                                 0xc0 (size before relaxing)
 .stab          0x00000804       0x84 c:/program files (x86)/atmel/atmel toolchain/avr8 gcc/native/3.4.2.1002/avr8-gnu-toolchain/bin/../lib/gcc/avr/4.7.2/../../../../avr/lib/avr35\libc.a(memcpy.o)
                                 0x90 (size before relaxing)
 .stab          0x00000888       0x6c c:/program files (x86)/atmel/atmel toolchain/avr8 gcc/native/3.4.2.1002/avr8-gnu-toolchain/bin/../lib/gcc/avr/4.7.2/../../../../avr/lib/avr35\libc.a(memset.o)
                                 0x78 (size before relaxing)
 .stab          0x000008f4       0x90 c:/program files (x86)/atmel/atmel toolchain/avr8 gcc/native/3.4.2.1002/avr8-gnu-toolchain/bin/../lib/gcc/avr/4.7.2/../../../../avr/lib/avr35\libc.a(eerd_byte_atmega16u2.o)
                                 0x9c (size before relaxing)
 .stab          0x00000984       0x6c c:/program files (x86)/atmel/atmel toolchain/avr8 gcc/native/3.4.2.1002/avr8-gnu-toolchain/bin/../lib/gcc/avr/4.7.2/../../../../avr/lib/avr35\libc.a(eerd_word_atmega16u2.o)
                                 0x78 (size before relaxing)
 .stab          0x000009f0      0x114 c:/program files (x86)/atmel/atmel toolchain/avr8 gcc/native/3.4.2.1002/avr8-gnu-toolchain/bin/../lib/gcc/avr/4.7.2/../../../../avr/lib/avr35\libc.a(eeupd_byte_atmega16u2.o)
                                0x120 (size before relaxing)
 .stab          0x00000b04       0xe4 c:/program files (x86)/atmel/atmel toolchain/avr8 gcc/native/3.4.2.1002/avr8-gnu-toolchain/bin/../lib/gcc/avr/4.7.2/../../../../avr/lib/avr35\libc.a(eewr_byte_atmega16u2.o)
                                 0xf0 (size before relaxing)
 .stab          0x00000be8       0x54 c:/program files (x86)/atmel/atmel toolchain/avr8 gcc/native/3.4.2.1002/avr8-gnu-toolchain/bin/../lib/gcc/avr/4.7.2/../../../../avr/lib/avr35\libc.a(eewr_word_atmega16u2.o)
                                 0x60 (size before relaxing)
 .stab          0x00000c3c      0x108 c:/program files (x86)/atmel/atmel toolchain/avr8 gcc/native/3.4.2.1002/avr8-gnu-toolchain/bin/../lib/gcc/avr/4.7.2/../../../../avr/lib/avr35\libc.a(eerd_block_atmega16u2.o)
                                0x114 (size before relaxing)

.stabstr        0x00000000      0x52b
 *(.stabstr)
 .stabstr       0x00000000      0x52b c:/program files (x86)/atmel/atmel toolchain/avr8 gcc/native/3.4.2.1002/avr8-gnu-toolchain/bin/../lib/gcc/avr/4.7.2/../../../../avr/lib/avr35/crtm16u2.o

.stab.excl
 *(.stab.excl)

.stab.exclstr
 *(.stab.exclstr)

.stab.index
 *(.stab.index)

.stab.indexstr
 *(.stab.indexstr)

.comment        0x00000000       0x2f
 *(.comment)
 .comment       0x00000000       0x2f Descriptors.o
                                 0x30 (size before relaxing)
 .comment       0x00000000       0x30 src/AT_parser.o
 .comment       0x00000000       0x30 src/EXT.o
 .comment       0x00000000       0x30 src/LUFA/LUFA/Drivers/Peripheral/AVR8/Serial_AVR8.o
 .comment       0x00000000       0x30 src/LUFA/LUFA/Drivers/Peripheral/AVR8/TWI_AVR8.o
 .comment       0x00000000       0x30 src/reset.o
 .comment       0x00000000       0x30 src/TIMERS.o
 .comment       0x00000000       0x30 GenericHID.o
 .comment       0x00000000       0x30 src/LUFA/LUFA/Drivers/USB/Class/Common/HIDParser.o
 .comment       0x00000000       0x30 src/LUFA/LUFA/Drivers/USB/Class/Device/AudioClassDevice.o
 .comment       0x00000000       0x30 src/LUFA/LUFA/Drivers/USB/Class/Device/CDCClassDevice.o
 .comment       0x00000000       0x30 src/LUFA/LUFA/Drivers/USB/Class/Device/HIDClassDevice.o
 .comment       0x00000000       0x30 src/LUFA/LUFA/Drivers/USB/Class/Device/MassStorageClassDevice.o
 .comment       0x00000000       0x30 src/LUFA/LUFA/Drivers/USB/Class/Device/MIDIClassDevice.o
 .comment       0x00000000       0x30 src/LUFA/LUFA/Drivers/USB/Class/Device/PrinterClassDevice.o
 .comment       0x00000000       0x30 src/LUFA/LUFA/Drivers/USB/Class/Device/RNDISClassDevice.o
 .comment       0x00000000       0x30 src/LUFA/LUFA/Drivers/USB/Class/Host/AndroidAccessoryClassHost.o
 .comment       0x00000000       0x30 src/LUFA/LUFA/Drivers/USB/Class/Host/AudioClassHost.o
 .comment       0x00000000       0x30 src/LUFA/LUFA/Drivers/USB/Class/Host/CDCClassHost.o
 .comment       0x00000000       0x30 src/LUFA/LUFA/Drivers/USB/Class/Host/HIDClassHost.o
 .comment       0x00000000       0x30 src/LUFA/LUFA/Drivers/USB/Class/Host/MassStorageClassHost.o
 .comment       0x00000000       0x30 src/LUFA/LUFA/Drivers/USB/Class/Host/MIDIClassHost.o
 .comment       0x00000000       0x30 src/LUFA/LUFA/Drivers/USB/Class/Host/PrinterClassHost.o
 .comment       0x00000000       0x30 src/LUFA/LUFA/Drivers/USB/Class/Host/RNDISClassHost.o
 .comment       0x00000000       0x30 src/LUFA/LUFA/Drivers/USB/Class/Host/StillImageClassHost.o
 .comment       0x00000000       0x30 src/LUFA/LUFA/Drivers/USB/Core/AVR8/Device_AVR8.o
 .comment       0x00000000       0x30 src/LUFA/LUFA/Drivers/USB/Core/AVR8/EndpointStream_AVR8.o
 .comment       0x00000000       0x30 src/LUFA/LUFA/Drivers/USB/Core/AVR8/Endpoint_AVR8.o
 .comment       0x00000000       0x30 src/LUFA/LUFA/Drivers/USB/Core/AVR8/Host_AVR8.o
 .comment       0x00000000       0x30 src/LUFA/LUFA/Drivers/USB/Core/AVR8/PipeStream_AVR8.o
 .comment       0x00000000       0x30 src/LUFA/LUFA/Drivers/USB/Core/AVR8/Pipe_AVR8.o
 .comment       0x00000000       0x30 src/LUFA/LUFA/Drivers/USB/Core/AVR8/Template/Template_Endpoint_Control_R.o
 .comment       0x00000000       0x30 src/LUFA/LUFA/Drivers/USB/Core/AVR8/Template/Template_Endpoint_Control_W.o
 .comment       0x00000000       0x30 src/LUFA/LUFA/Drivers/USB/Core/AVR8/Template/Template_Endpoint_RW.o
 .comment       0x00000000       0x30 src/LUFA/LUFA/Drivers/USB/Core/AVR8/Template/Template_Pipe_RW.o
 .comment       0x00000000       0x30 src/LUFA/LUFA/Drivers/USB/Core/AVR8/USBController_AVR8.o
 .comment       0x00000000       0x30 src/LUFA/LUFA/Drivers/USB/Core/AVR8/USBInterrupt_AVR8.o
 .comment       0x00000000       0x30 src/LUFA/LUFA/Drivers/USB/Core/ConfigDescriptors.o
 .comment       0x00000000       0x30 src/LUFA/LUFA/Drivers/USB/Core/DeviceStandardReq.o
 .comment       0x00000000       0x30 src/LUFA/LUFA/Drivers/USB/Core/Events.o
 .comment       0x00000000       0x30 src/LUFA/LUFA/Drivers/USB/Core/HostStandardReq.o
 .comment       0x00000000       0x30 src/LUFA/LUFA/Drivers/USB/Core/USBTask.o
 .comment       0x00000000       0x30 c:/program files (x86)/atmel/atmel toolchain/avr8 gcc/native/3.4.2.1002/avr8-gnu-toolchain/bin/../lib/gcc/avr/4.7.2/../../../../avr/lib/avr35\libc.a(iob.o)

.debug
 *(.debug)

.line
 *(.line)

.debug_srcinfo
 *(.debug_srcinfo)

.debug_sfnames
 *(.debug_sfnames)

.debug_aranges  0x00000000      0x840
 *(.debug_aranges)
 .debug_aranges
                0x00000000       0x20 Descriptors.o
 .debug_aranges
                0x00000020       0x50 src/AT_parser.o
 .debug_aranges
                0x00000070       0x20 src/EXT.o
 .debug_aranges
                0x00000090       0x58 src/LUFA/LUFA/Drivers/Peripheral/AVR8/Serial_AVR8.o
 .debug_aranges
                0x000000e8       0x18 src/LUFA/LUFA/Drivers/Peripheral/AVR8/TWI_AVR8.o
 .debug_aranges
                0x00000100       0x28 src/reset.o
 .debug_aranges
                0x00000128       0x28 src/TIMERS.o
 .debug_aranges
                0x00000150       0xa8 GenericHID.o
 .debug_aranges
                0x000001f8       0x38 src/LUFA/LUFA/Drivers/USB/Class/Common/HIDParser.o
 .debug_aranges
                0x00000230       0x30 src/LUFA/LUFA/Drivers/USB/Class/Device/AudioClassDevice.o
 .debug_aranges
                0x00000260       0x98 src/LUFA/LUFA/Drivers/USB/Class/Device/CDCClassDevice.o
 .debug_aranges
                0x000002f8       0x30 src/LUFA/LUFA/Drivers/USB/Class/Device/HIDClassDevice.o
 .debug_aranges
                0x00000328       0x30 src/LUFA/LUFA/Drivers/USB/Class/Device/MassStorageClassDevice.o
 .debug_aranges
                0x00000358       0x40 src/LUFA/LUFA/Drivers/USB/Class/Device/MIDIClassDevice.o
 .debug_aranges
                0x00000398       0x90 src/LUFA/LUFA/Drivers/USB/Class/Device/PrinterClassDevice.o
 .debug_aranges
                0x00000428       0x48 src/LUFA/LUFA/Drivers/USB/Class/Device/RNDISClassDevice.o
 .debug_aranges
                0x00000470       0x18 src/LUFA/LUFA/Drivers/USB/Class/Host/AndroidAccessoryClassHost.o
 .debug_aranges
                0x00000488       0x18 src/LUFA/LUFA/Drivers/USB/Class/Host/AudioClassHost.o
 .debug_aranges
                0x000004a0       0x18 src/LUFA/LUFA/Drivers/USB/Class/Host/CDCClassHost.o
 .debug_aranges
                0x000004b8       0x18 src/LUFA/LUFA/Drivers/USB/Class/Host/HIDClassHost.o
 .debug_aranges
                0x000004d0       0x18 src/LUFA/LUFA/Drivers/USB/Class/Host/MassStorageClassHost.o
 .debug_aranges
                0x000004e8       0x18 src/LUFA/LUFA/Drivers/USB/Class/Host/MIDIClassHost.o
 .debug_aranges
                0x00000500       0x18 src/LUFA/LUFA/Drivers/USB/Class/Host/PrinterClassHost.o
 .debug_aranges
                0x00000518       0x18 src/LUFA/LUFA/Drivers/USB/Class/Host/RNDISClassHost.o
 .debug_aranges
                0x00000530       0x18 src/LUFA/LUFA/Drivers/USB/Class/Host/StillImageClassHost.o
 .debug_aranges
                0x00000548       0x20 src/LUFA/LUFA/Drivers/USB/Core/AVR8/Device_AVR8.o
 .debug_aranges
                0x00000568       0xc8 src/LUFA/LUFA/Drivers/USB/Core/AVR8/EndpointStream_AVR8.o
 .debug_aranges
                0x00000630       0x40 src/LUFA/LUFA/Drivers/USB/Core/AVR8/Endpoint_AVR8.o
 .debug_aranges
                0x00000670       0x18 src/LUFA/LUFA/Drivers/USB/Core/AVR8/Host_AVR8.o
 .debug_aranges
                0x00000688       0x18 src/LUFA/LUFA/Drivers/USB/Core/AVR8/PipeStream_AVR8.o
 .debug_aranges
                0x000006a0       0x18 src/LUFA/LUFA/Drivers/USB/Core/AVR8/Pipe_AVR8.o
 .debug_aranges
                0x000006b8       0x18 src/LUFA/LUFA/Drivers/USB/Core/AVR8/Template/Template_Endpoint_Control_R.o
 .debug_aranges
                0x000006d0       0x18 src/LUFA/LUFA/Drivers/USB/Core/AVR8/Template/Template_Endpoint_Control_W.o
 .debug_aranges
                0x000006e8       0x18 src/LUFA/LUFA/Drivers/USB/Core/AVR8/Template/Template_Endpoint_RW.o
 .debug_aranges
                0x00000700       0x18 src/LUFA/LUFA/Drivers/USB/Core/AVR8/Template/Template_Pipe_RW.o
 .debug_aranges
                0x00000718       0x30 src/LUFA/LUFA/Drivers/USB/Core/AVR8/USBController_AVR8.o
 .debug_aranges
                0x00000748       0x30 src/LUFA/LUFA/Drivers/USB/Core/AVR8/USBInterrupt_AVR8.o
 .debug_aranges
                0x00000778       0x38 src/LUFA/LUFA/Drivers/USB/Core/ConfigDescriptors.o
 .debug_aranges
                0x000007b0       0x20 src/LUFA/LUFA/Drivers/USB/Core/DeviceStandardReq.o
 .debug_aranges
                0x000007d0       0x20 src/LUFA/LUFA/Drivers/USB/Core/Events.o
 .debug_aranges
                0x000007f0       0x18 src/LUFA/LUFA/Drivers/USB/Core/HostStandardReq.o
 .debug_aranges
                0x00000808       0x20 src/LUFA/LUFA/Drivers/USB/Core/USBTask.o
 .debug_aranges
                0x00000828       0x18 c:/program files (x86)/atmel/atmel toolchain/avr8 gcc/native/3.4.2.1002/avr8-gnu-toolchain/bin/../lib/gcc/avr/4.7.2/../../../../avr/lib/avr35\libc.a(iob.o)

.debug_pubnames
 *(.debug_pubnames)

.debug_info     0x00000000     0xdf5d
 *(.debug_info)
 .debug_info    0x00000000      0x6f2 Descriptors.o
 .debug_info    0x000006f2     0x262b src/AT_parser.o
 .debug_info    0x00002d1d       0x87 src/EXT.o
 .debug_info    0x00002da4      0x43b src/LUFA/LUFA/Drivers/Peripheral/AVR8/Serial_AVR8.o
 .debug_info    0x000031df       0x5a src/LUFA/LUFA/Drivers/Peripheral/AVR8/TWI_AVR8.o
 .debug_info    0x00003239      0x1d7 src/reset.o
 .debug_info    0x00003410       0x9d src/TIMERS.o
 .debug_info    0x000034ad     0x13e6 GenericHID.o
 .debug_info    0x00004893      0x746 src/LUFA/LUFA/Drivers/USB/Class/Common/HIDParser.o
 .debug_info    0x00004fd9      0x8c2 src/LUFA/LUFA/Drivers/USB/Class/Device/AudioClassDevice.o
 .debug_info    0x0000589b      0xe64 src/LUFA/LUFA/Drivers/USB/Class/Device/CDCClassDevice.o
 .debug_info    0x000066ff      0x99f src/LUFA/LUFA/Drivers/USB/Class/Device/HIDClassDevice.o
 .debug_info    0x0000709e      0x982 src/LUFA/LUFA/Drivers/USB/Class/Device/MassStorageClassDevice.o
 .debug_info    0x00007a20      0x63d src/LUFA/LUFA/Drivers/USB/Class/Device/MIDIClassDevice.o
 .debug_info    0x0000805d      0xcdd src/LUFA/LUFA/Drivers/USB/Class/Device/PrinterClassDevice.o
 .debug_info    0x00008d3a     0x1178 src/LUFA/LUFA/Drivers/USB/Class/Device/RNDISClassDevice.o
 .debug_info    0x00009eb2       0x5a src/LUFA/LUFA/Drivers/USB/Class/Host/AndroidAccessoryClassHost.o
 .debug_info    0x00009f0c       0x5a src/LUFA/LUFA/Drivers/USB/Class/Host/AudioClassHost.o
 .debug_info    0x00009f66       0x5a src/LUFA/LUFA/Drivers/USB/Class/Host/CDCClassHost.o
 .debug_info    0x00009fc0       0x5a src/LUFA/LUFA/Drivers/USB/Class/Host/HIDClassHost.o
 .debug_info    0x0000a01a       0x5a src/LUFA/LUFA/Drivers/USB/Class/Host/MassStorageClassHost.o
 .debug_info    0x0000a074       0x5a src/LUFA/LUFA/Drivers/USB/Class/Host/MIDIClassHost.o
 .debug_info    0x0000a0ce       0x5a src/LUFA/LUFA/Drivers/USB/Class/Host/PrinterClassHost.o
 .debug_info    0x0000a128       0x5a src/LUFA/LUFA/Drivers/USB/Class/Host/RNDISClassHost.o
 .debug_info    0x0000a182       0x5a src/LUFA/LUFA/Drivers/USB/Class/Host/StillImageClassHost.o
 .debug_info    0x0000a1dc       0xd6 src/LUFA/LUFA/Drivers/USB/Core/AVR8/Device_AVR8.o
 .debug_info    0x0000a2b2     0x17cc src/LUFA/LUFA/Drivers/USB/Core/AVR8/EndpointStream_AVR8.o
 .debug_info    0x0000ba7e      0x619 src/LUFA/LUFA/Drivers/USB/Core/AVR8/Endpoint_AVR8.o
 .debug_info    0x0000c097       0x5a src/LUFA/LUFA/Drivers/USB/Core/AVR8/Host_AVR8.o
 .debug_info    0x0000c0f1       0x5a src/LUFA/LUFA/Drivers/USB/Core/AVR8/PipeStream_AVR8.o
 .debug_info    0x0000c14b       0x5a src/LUFA/LUFA/Drivers/USB/Core/AVR8/Pipe_AVR8.o
 .debug_info    0x0000c1a5       0x21 src/LUFA/LUFA/Drivers/USB/Core/AVR8/Template/Template_Endpoint_Control_R.o
 .debug_info    0x0000c1c6       0x21 src/LUFA/LUFA/Drivers/USB/Core/AVR8/Template/Template_Endpoint_Control_W.o
 .debug_info    0x0000c1e7       0x21 src/LUFA/LUFA/Drivers/USB/Core/AVR8/Template/Template_Endpoint_RW.o
 .debug_info    0x0000c208       0x21 src/LUFA/LUFA/Drivers/USB/Core/AVR8/Template/Template_Pipe_RW.o
 .debug_info    0x0000c229      0x46e src/LUFA/LUFA/Drivers/USB/Core/AVR8/USBController_AVR8.o
 .debug_info    0x0000c697      0x5bc src/LUFA/LUFA/Drivers/USB/Core/AVR8/USBInterrupt_AVR8.o
 .debug_info    0x0000cc53      0x3ee src/LUFA/LUFA/Drivers/USB/Core/ConfigDescriptors.o
 .debug_info    0x0000d041      0xa87 src/LUFA/LUFA/Drivers/USB/Core/DeviceStandardReq.o
 .debug_info    0x0000dac8       0x7c src/LUFA/LUFA/Drivers/USB/Core/Events.o
 .debug_info    0x0000db44       0x5a src/LUFA/LUFA/Drivers/USB/Core/HostStandardReq.o
 .debug_info    0x0000db9e      0x271 src/LUFA/LUFA/Drivers/USB/Core/USBTask.o
 .debug_info    0x0000de0f      0x14e c:/program files (x86)/atmel/atmel toolchain/avr8 gcc/native/3.4.2.1002/avr8-gnu-toolchain/bin/../lib/gcc/avr/4.7.2/../../../../avr/lib/avr35\libc.a(iob.o)
 *(.gnu.linkonce.wi.*)

.debug_abbrev   0x00000000     0x33e5
 *(.debug_abbrev)
 .debug_abbrev  0x00000000      0x169 Descriptors.o
 .debug_abbrev  0x00000169      0x2bd src/AT_parser.o
 .debug_abbrev  0x00000426       0x54 src/EXT.o
 .debug_abbrev  0x0000047a      0x1e6 src/LUFA/LUFA/Drivers/Peripheral/AVR8/Serial_AVR8.o
 .debug_abbrev  0x00000660       0x29 src/LUFA/LUFA/Drivers/Peripheral/AVR8/TWI_AVR8.o
 .debug_abbrev  0x00000689      0x15c src/reset.o
 .debug_abbrev  0x000007e5       0x54 src/TIMERS.o
 .debug_abbrev  0x00000839      0x427 GenericHID.o
 .debug_abbrev  0x00000c60      0x221 src/LUFA/LUFA/Drivers/USB/Class/Common/HIDParser.o
 .debug_abbrev  0x00000e81      0x20e src/LUFA/LUFA/Drivers/USB/Class/Device/AudioClassDevice.o
 .debug_abbrev  0x0000108f      0x418 src/LUFA/LUFA/Drivers/USB/Class/Device/CDCClassDevice.o
 .debug_abbrev  0x000014a7      0x274 src/LUFA/LUFA/Drivers/USB/Class/Device/HIDClassDevice.o
 .debug_abbrev  0x0000171b      0x2af src/LUFA/LUFA/Drivers/USB/Class/Device/MassStorageClassDevice.o
 .debug_abbrev  0x000019ca      0x228 src/LUFA/LUFA/Drivers/USB/Class/Device/MIDIClassDevice.o
 .debug_abbrev  0x00001bf2      0x32d src/LUFA/LUFA/Drivers/USB/Class/Device/PrinterClassDevice.o
 .debug_abbrev  0x00001f1f      0x364 src/LUFA/LUFA/Drivers/USB/Class/Device/RNDISClassDevice.o
 .debug_abbrev  0x00002283       0x29 src/LUFA/LUFA/Drivers/USB/Class/Host/AndroidAccessoryClassHost.o
 .debug_abbrev  0x000022ac       0x29 src/LUFA/LUFA/Drivers/USB/Class/Host/AudioClassHost.o
 .debug_abbrev  0x000022d5       0x29 src/LUFA/LUFA/Drivers/USB/Class/Host/CDCClassHost.o
 .debug_abbrev  0x000022fe       0x29 src/LUFA/LUFA/Drivers/USB/Class/Host/HIDClassHost.o
 .debug_abbrev  0x00002327       0x29 src/LUFA/LUFA/Drivers/USB/Class/Host/MassStorageClassHost.o
 .debug_abbrev  0x00002350       0x29 src/LUFA/LUFA/Drivers/USB/Class/Host/MIDIClassHost.o
 .debug_abbrev  0x00002379       0x29 src/LUFA/LUFA/Drivers/USB/Class/Host/PrinterClassHost.o
 .debug_abbrev  0x000023a2       0x29 src/LUFA/LUFA/Drivers/USB/Class/Host/RNDISClassHost.o
 .debug_abbrev  0x000023cb       0x29 src/LUFA/LUFA/Drivers/USB/Class/Host/StillImageClassHost.o
 .debug_abbrev  0x000023f4       0x83 src/LUFA/LUFA/Drivers/USB/Core/AVR8/Device_AVR8.o
 .debug_abbrev  0x00002477      0x209 src/LUFA/LUFA/Drivers/USB/Core/AVR8/EndpointStream_AVR8.o
 .debug_abbrev  0x00002680      0x232 src/LUFA/LUFA/Drivers/USB/Core/AVR8/Endpoint_AVR8.o
 .debug_abbrev  0x000028b2       0x29 src/LUFA/LUFA/Drivers/USB/Core/AVR8/Host_AVR8.o
 .debug_abbrev  0x000028db       0x29 src/LUFA/LUFA/Drivers/USB/Core/AVR8/PipeStream_AVR8.o
 .debug_abbrev  0x00002904       0x29 src/LUFA/LUFA/Drivers/USB/Core/AVR8/Pipe_AVR8.o
 .debug_abbrev  0x0000292d       0x13 src/LUFA/LUFA/Drivers/USB/Core/AVR8/Template/Template_Endpoint_Control_R.o
 .debug_abbrev  0x00002940       0x13 src/LUFA/LUFA/Drivers/USB/Core/AVR8/Template/Template_Endpoint_Control_W.o
 .debug_abbrev  0x00002953       0x13 src/LUFA/LUFA/Drivers/USB/Core/AVR8/Template/Template_Endpoint_RW.o
 .debug_abbrev  0x00002966       0x13 src/LUFA/LUFA/Drivers/USB/Core/AVR8/Template/Template_Pipe_RW.o
 .debug_abbrev  0x00002979      0x182 src/LUFA/LUFA/Drivers/USB/Core/AVR8/USBController_AVR8.o
 .debug_abbrev  0x00002afb      0x1d8 src/LUFA/LUFA/Drivers/USB/Core/AVR8/USBInterrupt_AVR8.o
 .debug_abbrev  0x00002cd3      0x19f src/LUFA/LUFA/Drivers/USB/Core/ConfigDescriptors.o
 .debug_abbrev  0x00002e72      0x2d5 src/LUFA/LUFA/Drivers/USB/Core/DeviceStandardReq.o
 .debug_abbrev  0x00003147       0x47 src/LUFA/LUFA/Drivers/USB/Core/Events.o
 .debug_abbrev  0x0000318e       0x29 src/LUFA/LUFA/Drivers/USB/Core/HostStandardReq.o
 .debug_abbrev  0x000031b7      0x16d src/LUFA/LUFA/Drivers/USB/Core/USBTask.o
 .debug_abbrev  0x00003324       0xc1 c:/program files (x86)/atmel/atmel toolchain/avr8 gcc/native/3.4.2.1002/avr8-gnu-toolchain/bin/../lib/gcc/avr/4.7.2/../../../../avr/lib/avr35\libc.a(iob.o)

.debug_line     0x00000000    0x19dc6
 *(.debug_line)
 .debug_line    0x00000000      0xd84 Descriptors.o
 .debug_line    0x00000d84     0x18eb src/AT_parser.o
 .debug_line    0x0000266f      0x278 src/EXT.o
 .debug_line    0x000028e7      0x81f src/LUFA/LUFA/Drivers/Peripheral/AVR8/Serial_AVR8.o
 .debug_line    0x00003106      0x4e0 src/LUFA/LUFA/Drivers/Peripheral/AVR8/TWI_AVR8.o
 .debug_line    0x000035e6      0xd3b src/reset.o
 .debug_line    0x00004321      0x2be src/TIMERS.o
 .debug_line    0x000045df     0x1ae4 GenericHID.o
 .debug_line    0x000060c3      0xaef src/LUFA/LUFA/Drivers/USB/Class/Common/HIDParser.o
 .debug_line    0x00006bb2     0x108b src/LUFA/LUFA/Drivers/USB/Class/Device/AudioClassDevice.o
 .debug_line    0x00007c3d     0x1442 src/LUFA/LUFA/Drivers/USB/Class/Device/CDCClassDevice.o
 .debug_line    0x0000907f     0x1165 src/LUFA/LUFA/Drivers/USB/Class/Device/HIDClassDevice.o
 .debug_line    0x0000a1e4     0x1163 src/LUFA/LUFA/Drivers/USB/Class/Device/MassStorageClassDevice.o
 .debug_line    0x0000b347     0x105c src/LUFA/LUFA/Drivers/USB/Class/Device/MIDIClassDevice.o
 .debug_line    0x0000c3a3     0x1380 src/LUFA/LUFA/Drivers/USB/Class/Device/PrinterClassDevice.o
 .debug_line    0x0000d723     0x134b src/LUFA/LUFA/Drivers/USB/Class/Device/RNDISClassDevice.o
 .debug_line    0x0000ea6e      0x53a src/LUFA/LUFA/Drivers/USB/Class/Host/AndroidAccessoryClassHost.o
 .debug_line    0x0000efa8      0x52f src/LUFA/LUFA/Drivers/USB/Class/Host/AudioClassHost.o
 .debug_line    0x0000f4d7      0x52d src/LUFA/LUFA/Drivers/USB/Class/Host/CDCClassHost.o
 .debug_line    0x0000fa04      0x52d src/LUFA/LUFA/Drivers/USB/Class/Host/HIDClassHost.o
 .debug_line    0x0000ff31      0x535 src/LUFA/LUFA/Drivers/USB/Class/Host/MassStorageClassHost.o
 .debug_line    0x00010466      0x52e src/LUFA/LUFA/Drivers/USB/Class/Host/MIDIClassHost.o
 .debug_line    0x00010994      0x531 src/LUFA/LUFA/Drivers/USB/Class/Host/PrinterClassHost.o
 .debug_line    0x00010ec5      0x52f src/LUFA/LUFA/Drivers/USB/Class/Host/RNDISClassHost.o
 .debug_line    0x000113f4      0x534 src/LUFA/LUFA/Drivers/USB/Class/Host/StillImageClassHost.o
 .debug_line    0x00011928      0x9b8 src/LUFA/LUFA/Drivers/USB/Core/AVR8/Device_AVR8.o
 .debug_line    0x000122e0     0x2117 src/LUFA/LUFA/Drivers/USB/Core/AVR8/EndpointStream_AVR8.o
 .debug_line    0x000143f7      0xd37 src/LUFA/LUFA/Drivers/USB/Core/AVR8/Endpoint_AVR8.o
 .debug_line    0x0001512e      0x517 src/LUFA/LUFA/Drivers/USB/Core/AVR8/Host_AVR8.o
 .debug_line    0x00015645      0x51d src/LUFA/LUFA/Drivers/USB/Core/AVR8/PipeStream_AVR8.o
 .debug_line    0x00015b62      0x517 src/LUFA/LUFA/Drivers/USB/Core/AVR8/Pipe_AVR8.o
 .debug_line    0x00016079       0x6b src/LUFA/LUFA/Drivers/USB/Core/AVR8/Template/Template_Endpoint_Control_R.o
 .debug_line    0x000160e4       0x6b src/LUFA/LUFA/Drivers/USB/Core/AVR8/Template/Template_Endpoint_Control_W.o
 .debug_line    0x0001614f       0x64 src/LUFA/LUFA/Drivers/USB/Core/AVR8/Template/Template_Endpoint_RW.o
 .debug_line    0x000161b3       0x60 src/LUFA/LUFA/Drivers/USB/Core/AVR8/Template/Template_Pipe_RW.o
 .debug_line    0x00016213      0x92d src/LUFA/LUFA/Drivers/USB/Core/AVR8/USBController_AVR8.o
 .debug_line    0x00016b40      0xaf1 src/LUFA/LUFA/Drivers/USB/Core/AVR8/USBInterrupt_AVR8.o
 .debug_line    0x00017631      0x94e src/LUFA/LUFA/Drivers/USB/Core/ConfigDescriptors.o
 .debug_line    0x00017f7f      0xb04 src/LUFA/LUFA/Drivers/USB/Core/DeviceStandardReq.o
 .debug_line    0x00018a83      0x4f9 src/LUFA/LUFA/Drivers/USB/Core/Events.o
 .debug_line    0x00018f7c      0x4e6 src/LUFA/LUFA/Drivers/USB/Core/HostStandardReq.o
 .debug_line    0x00019462      0x879 src/LUFA/LUFA/Drivers/USB/Core/USBTask.o
 .debug_line    0x00019cdb       0xeb c:/program files (x86)/atmel/atmel toolchain/avr8 gcc/native/3.4.2.1002/avr8-gnu-toolchain/bin/../lib/gcc/avr/4.7.2/../../../../avr/lib/avr35\libc.a(iob.o)

.debug_frame    0x00000000     0x1528
 *(.debug_frame)
 .debug_frame   0x00000000       0x24 Descriptors.o
 .debug_frame   0x00000024       0xa4 src/AT_parser.o
 .debug_frame   0x000000c8       0x24 src/EXT.o
 .debug_frame   0x000000ec       0xb8 src/LUFA/LUFA/Drivers/Peripheral/AVR8/Serial_AVR8.o
 .debug_frame   0x000001a4       0x34 src/reset.o
 .debug_frame   0x000001d8       0x34 src/TIMERS.o
 .debug_frame   0x0000020c      0x27c GenericHID.o
 .debug_frame   0x00000488      0x114 src/LUFA/LUFA/Drivers/USB/Class/Common/HIDParser.o
 .debug_frame   0x0000059c       0xa8 src/LUFA/LUFA/Drivers/USB/Class/Device/AudioClassDevice.o
 .debug_frame   0x00000644      0x170 src/LUFA/LUFA/Drivers/USB/Class/Device/CDCClassDevice.o
 .debug_frame   0x000007b4       0xf8 src/LUFA/LUFA/Drivers/USB/Class/Device/HIDClassDevice.o
 .debug_frame   0x000008ac       0x80 src/LUFA/LUFA/Drivers/USB/Class/Device/MassStorageClassDevice.o
 .debug_frame   0x0000092c       0x70 src/LUFA/LUFA/Drivers/USB/Class/Device/MIDIClassDevice.o
 .debug_frame   0x0000099c      0x144 src/LUFA/LUFA/Drivers/USB/Class/Device/PrinterClassDevice.o
 .debug_frame   0x00000ae0      0x100 src/LUFA/LUFA/Drivers/USB/Class/Device/RNDISClassDevice.o
 .debug_frame   0x00000be0       0x24 src/LUFA/LUFA/Drivers/USB/Core/AVR8/Device_AVR8.o
 .debug_frame   0x00000c04      0x60c src/LUFA/LUFA/Drivers/USB/Core/AVR8/EndpointStream_AVR8.o
 .debug_frame   0x00001210       0xf4 src/LUFA/LUFA/Drivers/USB/Core/AVR8/Endpoint_AVR8.o
 .debug_frame   0x00001304       0x44 src/LUFA/LUFA/Drivers/USB/Core/AVR8/USBController_AVR8.o
 .debug_frame   0x00001348       0x8c src/LUFA/LUFA/Drivers/USB/Core/AVR8/USBInterrupt_AVR8.o
 .debug_frame   0x000013d4       0xc4 src/LUFA/LUFA/Drivers/USB/Core/ConfigDescriptors.o
 .debug_frame   0x00001498       0x40 src/LUFA/LUFA/Drivers/USB/Core/DeviceStandardReq.o
 .debug_frame   0x000014d8       0x24 src/LUFA/LUFA/Drivers/USB/Core/Events.o
 .debug_frame   0x000014fc       0x2c src/LUFA/LUFA/Drivers/USB/Core/USBTask.o

.debug_str      0x00000000    0x166eb
 *(.debug_str)
 .debug_str     0x00000000    0x112cd Descriptors.o
                              0x115a9 (size before relaxing)
 .debug_str     0x000112cd      0xa3e src/AT_parser.o
                               0xb387 (size before relaxing)
 .debug_str     0x00011d0b       0x1a src/EXT.o
                               0x5a33 (size before relaxing)
 .debug_str     0x00011d25      0x161 src/LUFA/LUFA/Drivers/Peripheral/AVR8/Serial_AVR8.o
                               0xb27d (size before relaxing)
 .debug_str     0x00011e86       0x34 src/LUFA/LUFA/Drivers/Peripheral/AVR8/TWI_AVR8.o
                               0xa465 (size before relaxing)
 .debug_str     0x00011eba      0x4a6 src/reset.o
                              0x11254 (size before relaxing)
 .debug_str     0x00012360       0x28 src/TIMERS.o
                               0x5a41 (size before relaxing)
 .debug_str     0x00012388      0xe1b GenericHID.o
                              0x1298c (size before relaxing)
 .debug_str     0x000131a3      0x481 src/LUFA/LUFA/Drivers/USB/Class/Common/HIDParser.o
                               0xe89f (size before relaxing)
 .debug_str     0x00013624      0x42c src/LUFA/LUFA/Drivers/USB/Class/Device/AudioClassDevice.o
                              0x112df (size before relaxing)
 .debug_str     0x00013a50      0x6a3 src/LUFA/LUFA/Drivers/USB/Class/Device/CDCClassDevice.o
                              0x11632 (size before relaxing)
 .debug_str     0x000140f3       0xcb src/LUFA/LUFA/Drivers/USB/Class/Device/HIDClassDevice.o
                              0x1132f (size before relaxing)
 .debug_str     0x000141be      0x30f src/LUFA/LUFA/Drivers/USB/Class/Device/MassStorageClassDevice.o
                              0x1143d (size before relaxing)
 .debug_str     0x000144cd      0x13c src/LUFA/LUFA/Drivers/USB/Class/Device/MIDIClassDevice.o
                              0x1129f (size before relaxing)
 .debug_str     0x00014609      0x293 src/LUFA/LUFA/Drivers/USB/Class/Device/PrinterClassDevice.o
                              0x1156b (size before relaxing)
 .debug_str     0x0001489c      0x716 src/LUFA/LUFA/Drivers/USB/Class/Device/RNDISClassDevice.o
                              0x11992 (size before relaxing)
 .debug_str     0x00014fb2       0x44 src/LUFA/LUFA/Drivers/USB/Class/Host/AndroidAccessoryClassHost.o
                               0xa4d4 (size before relaxing)
 .debug_str     0x00014ff6       0x39 src/LUFA/LUFA/Drivers/USB/Class/Host/AudioClassHost.o
                               0xa4c9 (size before relaxing)
 .debug_str     0x0001502f       0x37 src/LUFA/LUFA/Drivers/USB/Class/Host/CDCClassHost.o
                               0xa4c7 (size before relaxing)
 .debug_str     0x00015066       0x37 src/LUFA/LUFA/Drivers/USB/Class/Host/HIDClassHost.o
                               0xa4c7 (size before relaxing)
 .debug_str     0x0001509d       0x3f src/LUFA/LUFA/Drivers/USB/Class/Host/MassStorageClassHost.o
                               0xa4cf (size before relaxing)
 .debug_str     0x000150dc       0x38 src/LUFA/LUFA/Drivers/USB/Class/Host/MIDIClassHost.o
                               0xa4c8 (size before relaxing)
 .debug_str     0x00015114       0x3b src/LUFA/LUFA/Drivers/USB/Class/Host/PrinterClassHost.o
                               0xa4cb (size before relaxing)
 .debug_str     0x0001514f       0x39 src/LUFA/LUFA/Drivers/USB/Class/Host/RNDISClassHost.o
                               0xa4c9 (size before relaxing)
 .debug_str     0x00015188       0x3e src/LUFA/LUFA/Drivers/USB/Class/Host/StillImageClassHost.o
                               0xa4ce (size before relaxing)
 .debug_str     0x000151c6       0x7d src/LUFA/LUFA/Drivers/USB/Core/AVR8/Device_AVR8.o
                               0xaf0d (size before relaxing)
 .debug_str     0x00015243      0x88c src/LUFA/LUFA/Drivers/USB/Core/AVR8/EndpointStream_AVR8.o
                               0xbc8d (size before relaxing)
 .debug_str     0x00015acf      0x199 src/LUFA/LUFA/Drivers/USB/Core/AVR8/Endpoint_AVR8.o
                               0xb32f (size before relaxing)
 .debug_str     0x00015c68       0x33 src/LUFA/LUFA/Drivers/USB/Core/AVR8/Host_AVR8.o
                               0xa4c3 (size before relaxing)
 .debug_str     0x00015c9b       0x39 src/LUFA/LUFA/Drivers/USB/Core/AVR8/PipeStream_AVR8.o
                               0xa4c9 (size before relaxing)
 .debug_str     0x00015cd4       0x33 src/LUFA/LUFA/Drivers/USB/Core/AVR8/Pipe_AVR8.o
                               0xa4c3 (size before relaxing)
 .debug_str     0x00015d07       0x4e src/LUFA/LUFA/Drivers/USB/Core/AVR8/Template/Template_Endpoint_Control_R.o
                               0x18cd (size before relaxing)
 .debug_str     0x00015d55       0x4e src/LUFA/LUFA/Drivers/USB/Core/AVR8/Template/Template_Endpoint_Control_W.o
                               0x18cd (size before relaxing)
 .debug_str     0x00015da3       0x47 src/LUFA/LUFA/Drivers/USB/Core/AVR8/Template/Template_Endpoint_RW.o
                               0x18c6 (size before relaxing)
 .debug_str     0x00015dea       0x43 src/LUFA/LUFA/Drivers/USB/Core/AVR8/Template/Template_Pipe_RW.o
                               0x18c2 (size before relaxing)
 .debug_str     0x00015e2d      0x1d0 src/LUFA/LUFA/Drivers/USB/Core/AVR8/USBController_AVR8.o
                               0xb266 (size before relaxing)
 .debug_str     0x00015ffd       0xbb src/LUFA/LUFA/Drivers/USB/Core/AVR8/USBInterrupt_AVR8.o
                               0xb1f0 (size before relaxing)
 .debug_str     0x000160b8      0x22d src/LUFA/LUFA/Drivers/USB/Core/ConfigDescriptors.o
                               0xb280 (size before relaxing)
 .debug_str     0x000162e5      0x2a1 src/LUFA/LUFA/Drivers/USB/Core/DeviceStandardReq.o
                               0xb700 (size before relaxing)
 .debug_str     0x00016586       0x53 src/LUFA/LUFA/Drivers/USB/Core/Events.o
                               0xa4f4 (size before relaxing)
 .debug_str     0x000165d9       0x34 src/LUFA/LUFA/Drivers/USB/Core/HostStandardReq.o
                               0xa4c4 (size before relaxing)
 .debug_str     0x0001660d       0x7e src/LUFA/LUFA/Drivers/USB/Core/USBTask.o
                               0xb0ae (size before relaxing)
 .debug_str     0x0001668b       0x60 c:/program files (x86)/atmel/atmel toolchain/avr8 gcc/native/3.4.2.1002/avr8-gnu-toolchain/bin/../lib/gcc/avr/4.7.2/../../../../avr/lib/avr35\libc.a(iob.o)
                                0x10d (size before relaxing)

.debug_loc      0x00000000     0x9cdc
 *(.debug_loc)
 .debug_loc     0x00000000      0x2df Descriptors.o
 .debug_loc     0x000002df     0x1d09 src/AT_parser.o
 .debug_loc     0x00001fe8      0x220 src/LUFA/LUFA/Drivers/Peripheral/AVR8/Serial_AVR8.o
 .debug_loc     0x00002208      0xdf8 GenericHID.o
 .debug_loc     0x00003000      0x93c src/LUFA/LUFA/Drivers/USB/Class/Common/HIDParser.o
 .debug_loc     0x0000393c      0x361 src/LUFA/LUFA/Drivers/USB/Class/Device/AudioClassDevice.o
 .debug_loc     0x00003c9d      0x8a6 src/LUFA/LUFA/Drivers/USB/Class/Device/CDCClassDevice.o
 .debug_loc     0x00004543      0x48f src/LUFA/LUFA/Drivers/USB/Class/Device/HIDClassDevice.o
 .debug_loc     0x000049d2      0x2a6 src/LUFA/LUFA/Drivers/USB/Class/Device/MassStorageClassDevice.o
 .debug_loc     0x00004c78      0x33f src/LUFA/LUFA/Drivers/USB/Class/Device/MIDIClassDevice.o
 .debug_loc     0x00004fb7      0x8ed src/LUFA/LUFA/Drivers/USB/Class/Device/PrinterClassDevice.o
 .debug_loc     0x000058a4      0xc5a src/LUFA/LUFA/Drivers/USB/Class/Device/RNDISClassDevice.o
 .debug_loc     0x000064fe     0x275e src/LUFA/LUFA/Drivers/USB/Core/AVR8/EndpointStream_AVR8.o
 .debug_loc     0x00008c5c      0x618 src/LUFA/LUFA/Drivers/USB/Core/AVR8/Endpoint_AVR8.o
 .debug_loc     0x00009274      0x220 src/LUFA/LUFA/Drivers/USB/Core/AVR8/USBInterrupt_AVR8.o
 .debug_loc     0x00009494      0x4c1 src/LUFA/LUFA/Drivers/USB/Core/ConfigDescriptors.o
 .debug_loc     0x00009955      0x33e src/LUFA/LUFA/Drivers/USB/Core/DeviceStandardReq.o
 .debug_loc     0x00009c93       0x49 src/LUFA/LUFA/Drivers/USB/Core/USBTask.o

.debug_macinfo
 *(.debug_macinfo)

.debug_pubtypes
 *(.debug_pubtypes)

.debug_ranges   0x00000000     0x10d0
 *(.debug_ranges)
 .debug_ranges  0x00000000       0x10 Descriptors.o
 .debug_ranges  0x00000010       0x40 src/AT_parser.o
 .debug_ranges  0x00000050       0x10 src/EXT.o
 .debug_ranges  0x00000060       0x90 src/LUFA/LUFA/Drivers/Peripheral/AVR8/Serial_AVR8.o
 .debug_ranges  0x000000f0       0x18 src/reset.o
 .debug_ranges  0x00000108       0x18 src/TIMERS.o
 .debug_ranges  0x00000120       0x98 GenericHID.o
 .debug_ranges  0x000001b8       0xb8 src/LUFA/LUFA/Drivers/USB/Class/Common/HIDParser.o
 .debug_ranges  0x00000270       0x20 src/LUFA/LUFA/Drivers/USB/Class/Device/AudioClassDevice.o
 .debug_ranges  0x00000290       0x88 src/LUFA/LUFA/Drivers/USB/Class/Device/CDCClassDevice.o
 .debug_ranges  0x00000318       0x20 src/LUFA/LUFA/Drivers/USB/Class/Device/HIDClassDevice.o
 .debug_ranges  0x00000338       0x68 src/LUFA/LUFA/Drivers/USB/Class/Device/MassStorageClassDevice.o
 .debug_ranges  0x000003a0       0x30 src/LUFA/LUFA/Drivers/USB/Class/Device/MIDIClassDevice.o
 .debug_ranges  0x000003d0       0x80 src/LUFA/LUFA/Drivers/USB/Class/Device/PrinterClassDevice.o
 .debug_ranges  0x00000450       0x98 src/LUFA/LUFA/Drivers/USB/Class/Device/RNDISClassDevice.o
 .debug_ranges  0x000004e8       0x10 src/LUFA/LUFA/Drivers/USB/Core/AVR8/Device_AVR8.o
 .debug_ranges  0x000004f8      0x930 src/LUFA/LUFA/Drivers/USB/Core/AVR8/EndpointStream_AVR8.o
 .debug_ranges  0x00000e28      0x1c8 src/LUFA/LUFA/Drivers/USB/Core/AVR8/Endpoint_AVR8.o
 .debug_ranges  0x00000ff0       0x20 src/LUFA/LUFA/Drivers/USB/Core/AVR8/USBController_AVR8.o
 .debug_ranges  0x00001010       0x20 src/LUFA/LUFA/Drivers/USB/Core/AVR8/USBInterrupt_AVR8.o
 .debug_ranges  0x00001030       0x28 src/LUFA/LUFA/Drivers/USB/Core/ConfigDescriptors.o
 .debug_ranges  0x00001058       0x58 src/LUFA/LUFA/Drivers/USB/Core/DeviceStandardReq.o
 .debug_ranges  0x000010b0       0x10 src/LUFA/LUFA/Drivers/USB/Core/Events.o
 .debug_ranges  0x000010c0       0x10 src/LUFA/LUFA/Drivers/USB/Core/USBTask.o

.debug_macro    0x00000000     0xacad
 *(.debug_macro)
 .debug_macro   0x00000000      0x43b Descriptors.o
 .debug_macro   0x0000043b      0x5bc Descriptors.o
 .debug_macro   0x000009f7       0x10 Descriptors.o
 .debug_macro   0x00000a07      0x1ad Descriptors.o
 .debug_macro   0x00000bb4      0x293 Descriptors.o
 .debug_macro   0x00000e47       0x89 Descriptors.o
 .debug_macro   0x00000ed0       0xaa Descriptors.o
 .debug_macro   0x00000f7a     0x1583 Descriptors.o
 .debug_macro   0x000024fd      0x13a Descriptors.o
 .debug_macro   0x00002637       0xcb Descriptors.o
 .debug_macro   0x00002702       0x34 Descriptors.o
 .debug_macro   0x00002736       0x18 Descriptors.o
 .debug_macro   0x0000274e       0x6c Descriptors.o
 .debug_macro   0x000027ba       0xe0 Descriptors.o
 .debug_macro   0x0000289a       0x12 Descriptors.o
 .debug_macro   0x000028ac       0x10 Descriptors.o
 .debug_macro   0x000028bc       0x22 Descriptors.o
 .debug_macro   0x000028de       0x16 Descriptors.o
 .debug_macro   0x000028f4       0x20 Descriptors.o
 .debug_macro   0x00002914       0xf5 Descriptors.o
 .debug_macro   0x00002a09       0x22 Descriptors.o
 .debug_macro   0x00002a2b      0x18b Descriptors.o
 .debug_macro   0x00002bb6       0x36 Descriptors.o
 .debug_macro   0x00002bec       0x1c Descriptors.o
 .debug_macro   0x00002c08       0x68 Descriptors.o
 .debug_macro   0x00002c70       0x28 Descriptors.o
 .debug_macro   0x00002c98       0x69 Descriptors.o
 .debug_macro   0x00002d01       0x87 Descriptors.o
 .debug_macro   0x00002d88       0x35 Descriptors.o
 .debug_macro   0x00002dbd      0x10c Descriptors.o
 .debug_macro   0x00002ec9      0x160 Descriptors.o
 .debug_macro   0x00003029      0x167 Descriptors.o
 .debug_macro   0x00003190       0x10 Descriptors.o
 .debug_macro   0x000031a0       0x1c Descriptors.o
 .debug_macro   0x000031bc       0x86 Descriptors.o
 .debug_macro   0x00003242       0x3c Descriptors.o
 .debug_macro   0x0000327e       0x19 Descriptors.o
 .debug_macro   0x00003297       0x4d Descriptors.o
 .debug_macro   0x000032e4       0x73 Descriptors.o
 .debug_macro   0x00003357       0x16 Descriptors.o
 .debug_macro   0x0000336d       0x12 Descriptors.o
 .debug_macro   0x0000337f       0x1c Descriptors.o
 .debug_macro   0x0000339b       0x64 Descriptors.o
 .debug_macro   0x000033ff       0x41 Descriptors.o
 .debug_macro   0x00003440       0x10 Descriptors.o
 .debug_macro   0x00003450       0x1c Descriptors.o
 .debug_macro   0x0000346c       0x16 Descriptors.o
 .debug_macro   0x00003482       0x16 Descriptors.o
 .debug_macro   0x00003498      0x12c Descriptors.o
 .debug_macro   0x000035c4       0x16 Descriptors.o
 .debug_macro   0x000035da       0x46 Descriptors.o
 .debug_macro   0x00003620       0x58 Descriptors.o
 .debug_macro   0x00003678       0x10 Descriptors.o
 .debug_macro   0x00003688       0x35 Descriptors.o
 .debug_macro   0x000036bd       0xeb Descriptors.o
 .debug_macro   0x000037a8       0x16 Descriptors.o
 .debug_macro   0x000037be      0x154 Descriptors.o
 .debug_macro   0x00003912       0x2a Descriptors.o
 .debug_macro   0x0000393c      0x657 Descriptors.o
 .debug_macro   0x00003f93       0x16 Descriptors.o
 .debug_macro   0x00003fa9      0x132 Descriptors.o
 .debug_macro   0x000040db       0x16 Descriptors.o
 .debug_macro   0x000040f1       0x10 Descriptors.o
 .debug_macro   0x00004101       0x6c Descriptors.o
 .debug_macro   0x0000416d       0x16 Descriptors.o
 .debug_macro   0x00004183       0x1c Descriptors.o
 .debug_macro   0x0000419f       0x16 Descriptors.o
 .debug_macro   0x000041b5       0x10 Descriptors.o
 .debug_macro   0x000041c5      0x1c5 Descriptors.o
 .debug_macro   0x0000438a       0x16 Descriptors.o
 .debug_macro   0x000043a0       0x10 Descriptors.o
 .debug_macro   0x000043b0       0x10 Descriptors.o
 .debug_macro   0x000043c0      0x1cd src/AT_parser.o
 .debug_macro   0x0000458d       0x10 src/AT_parser.o
 .debug_macro   0x0000459d       0x9e src/AT_parser.o
 .debug_macro   0x0000463b       0x10 src/AT_parser.o
 .debug_macro   0x0000464b      0x10e src/AT_parser.o
 .debug_macro   0x00004759       0x10 src/AT_parser.o
 .debug_macro   0x00004769       0x94 src/EXT.o
 .debug_macro   0x000047fd      0x1b8 src/LUFA/LUFA/Drivers/Peripheral/AVR8/Serial_AVR8.o
 .debug_macro   0x000049b5       0x97 src/LUFA/LUFA/Drivers/Peripheral/AVR8/Serial_AVR8.o
 .debug_macro   0x00004a4c       0x16 src/LUFA/LUFA/Drivers/Peripheral/AVR8/Serial_AVR8.o
 .debug_macro   0x00004a62      0x299 src/LUFA/LUFA/Drivers/Peripheral/AVR8/Serial_AVR8.o
 .debug_macro   0x00004cfb       0xd4 src/LUFA/LUFA/Drivers/Peripheral/AVR8/Serial_AVR8.o
 .debug_macro   0x00004dcf      0x163 src/LUFA/LUFA/Drivers/Peripheral/AVR8/TWI_AVR8.o
 .debug_macro   0x00004f32      0x45c src/reset.o
 .debug_macro   0x0000538e       0x70 src/reset.o
 .debug_macro   0x000053fe      0x16d src/reset.o
 .debug_macro   0x0000556b       0x10 src/reset.o
 .debug_macro   0x0000557b       0x94 src/TIMERS.o
 .debug_macro   0x0000560f      0x4e1 GenericHID.o
 .debug_macro   0x00005af0       0x76 GenericHID.o
 .debug_macro   0x00005b66       0x65 GenericHID.o
 .debug_macro   0x00005bcb       0x10 GenericHID.o
 .debug_macro   0x00005bdb       0x6c GenericHID.o
 .debug_macro   0x00005c47       0x28 GenericHID.o
 .debug_macro   0x00005c6f      0x1c0 src/LUFA/LUFA/Drivers/USB/Class/Common/HIDParser.o
 .debug_macro   0x00005e2f       0x1f src/LUFA/LUFA/Drivers/USB/Class/Common/HIDParser.o
 .debug_macro   0x00005e4e      0x43b src/LUFA/LUFA/Drivers/USB/Class/Device/AudioClassDevice.o
 .debug_macro   0x00006289       0x40 src/LUFA/LUFA/Drivers/USB/Class/Device/AudioClassDevice.o
 .debug_macro   0x000062c9      0x132 src/LUFA/LUFA/Drivers/USB/Class/Device/AudioClassDevice.o
 .debug_macro   0x000063fb      0x43b src/LUFA/LUFA/Drivers/USB/Class/Device/CDCClassDevice.o
 .debug_macro   0x00006836      0x43f src/LUFA/LUFA/Drivers/USB/Class/Device/HIDClassDevice.o
 .debug_macro   0x00006c75      0x445 src/LUFA/LUFA/Drivers/USB/Class/Device/MassStorageClassDevice.o
 .debug_macro   0x000070ba      0x12c src/LUFA/LUFA/Drivers/USB/Class/Device/MassStorageClassDevice.o
 .debug_macro   0x000071e6      0x43f src/LUFA/LUFA/Drivers/USB/Class/Device/MIDIClassDevice.o
 .debug_macro   0x00007625      0x445 src/LUFA/LUFA/Drivers/USB/Class/Device/PrinterClassDevice.o
 .debug_macro   0x00007a6a       0x16 src/LUFA/LUFA/Drivers/USB/Class/Device/PrinterClassDevice.o
 .debug_macro   0x00007a80      0x43f src/LUFA/LUFA/Drivers/USB/Class/Device/RNDISClassDevice.o
 .debug_macro   0x00007ebf      0x178 src/LUFA/LUFA/Drivers/USB/Class/Host/AndroidAccessoryClassHost.o
 .debug_macro   0x00008037      0x178 src/LUFA/LUFA/Drivers/USB/Class/Host/AudioClassHost.o
 .debug_macro   0x000081af      0x178 src/LUFA/LUFA/Drivers/USB/Class/Host/CDCClassHost.o
 .debug_macro   0x00008327      0x178 src/LUFA/LUFA/Drivers/USB/Class/Host/HIDClassHost.o
 .debug_macro   0x0000849f      0x178 src/LUFA/LUFA/Drivers/USB/Class/Host/MassStorageClassHost.o
 .debug_macro   0x00008617      0x178 src/LUFA/LUFA/Drivers/USB/Class/Host/MIDIClassHost.o
 .debug_macro   0x0000878f      0x178 src/LUFA/LUFA/Drivers/USB/Class/Host/PrinterClassHost.o
 .debug_macro   0x00008907      0x178 src/LUFA/LUFA/Drivers/USB/Class/Host/RNDISClassHost.o
 .debug_macro   0x00008a7f      0x178 src/LUFA/LUFA/Drivers/USB/Class/Host/StillImageClassHost.o
 .debug_macro   0x00008bf7      0x29d src/LUFA/LUFA/Drivers/USB/Core/AVR8/Device_AVR8.o
 .debug_macro   0x00008e94       0x47 src/LUFA/LUFA/Drivers/USB/Core/AVR8/Device_AVR8.o
 .debug_macro   0x00008edb      0x60e src/LUFA/LUFA/Drivers/USB/Core/AVR8/EndpointStream_AVR8.o
 .debug_macro   0x000094e9       0x28 src/LUFA/LUFA/Drivers/USB/Core/AVR8/EndpointStream_AVR8.o
 .debug_macro   0x00009511       0x1c src/LUFA/LUFA/Drivers/USB/Core/AVR8/EndpointStream_AVR8.o
 .debug_macro   0x0000952d       0x1c src/LUFA/LUFA/Drivers/USB/Core/AVR8/EndpointStream_AVR8.o
 .debug_macro   0x00009549      0x2a5 src/LUFA/LUFA/Drivers/USB/Core/AVR8/Endpoint_AVR8.o
 .debug_macro   0x000097ee       0x10 src/LUFA/LUFA/Drivers/USB/Core/AVR8/Endpoint_AVR8.o
 .debug_macro   0x000097fe      0x17c src/LUFA/LUFA/Drivers/USB/Core/AVR8/Host_AVR8.o
 .debug_macro   0x0000997a      0x17c src/LUFA/LUFA/Drivers/USB/Core/AVR8/PipeStream_AVR8.o
 .debug_macro   0x00009af6      0x17c src/LUFA/LUFA/Drivers/USB/Core/AVR8/Pipe_AVR8.o
 .debug_macro   0x00009c72       0x11 src/LUFA/LUFA/Drivers/USB/Core/AVR8/Template/Template_Endpoint_Control_R.o
 .debug_macro   0x00009c83       0x11 src/LUFA/LUFA/Drivers/USB/Core/AVR8/Template/Template_Endpoint_Control_W.o
 .debug_macro   0x00009c94       0x11 src/LUFA/LUFA/Drivers/USB/Core/AVR8/Template/Template_Endpoint_RW.o
 .debug_macro   0x00009ca5       0x11 src/LUFA/LUFA/Drivers/USB/Core/AVR8/Template/Template_Pipe_RW.o
 .debug_macro   0x00009cb6      0x277 src/LUFA/LUFA/Drivers/USB/Core/AVR8/USBController_AVR8.o
 .debug_macro   0x00009f2d       0x79 src/LUFA/LUFA/Drivers/USB/Core/AVR8/USBController_AVR8.o
 .debug_macro   0x00009fa6      0x27f src/LUFA/LUFA/Drivers/USB/Core/AVR8/USBInterrupt_AVR8.o
 .debug_macro   0x0000a225      0x28e src/LUFA/LUFA/Drivers/USB/Core/ConfigDescriptors.o
 .debug_macro   0x0000a4b3      0x27d src/LUFA/LUFA/Drivers/USB/Core/DeviceStandardReq.o
 .debug_macro   0x0000a730      0x182 src/LUFA/LUFA/Drivers/USB/Core/Events.o
 .debug_macro   0x0000a8b2      0x178 src/LUFA/LUFA/Drivers/USB/Core/HostStandardReq.o
 .debug_macro   0x0000aa2a      0x283 src/LUFA/LUFA/Drivers/USB/Core/USBTask.o
OUTPUT(FFmini_HID.elf elf32-avr)
LOAD linker stubs
